Archive member included to satisfy reference by file (symbol)

c:/stellarstudio-7.1/sdks/tools-1.4.0/toolchain/arm/mingw64_nt/10.3-2021.10/bin/../lib/gcc/arm-none-eabi/10.3.1/thumb/v7e-m+dp/hard\libgcc.a(_arm_addsubsf3.o)
                              build/sr5e1/steval_ttm007a/core1/Debug/src/main.o (__aeabi_ul2f)
c:/stellarstudio-7.1/sdks/tools-1.4.0/toolchain/arm/mingw64_nt/10.3-2021.10/bin/../lib/gcc/arm-none-eabi/10.3.1/thumb/v7e-m+dp/hard\libgcc.a(_aeabi_uldivmod.o)
                              build/sr5e1/steval_ttm007a/core1/Debug/Modules/Drivers/Timers/SYSTICK/src/systick.o (__aeabi_uldivmod)
c:/stellarstudio-7.1/sdks/tools-1.4.0/toolchain/arm/mingw64_nt/10.3-2021.10/bin/../lib/gcc/arm-none-eabi/10.3.1/thumb/v7e-m+dp/hard\libgcc.a(_udivmoddi4.o)
                              c:/stellarstudio-7.1/sdks/tools-1.4.0/toolchain/arm/mingw64_nt/10.3-2021.10/bin/../lib/gcc/arm-none-eabi/10.3.1/thumb/v7e-m+dp/hard\libgcc.a(_aeabi_uldivmod.o) (__udivmoddi4)
c:/stellarstudio-7.1/sdks/tools-1.4.0/toolchain/arm/mingw64_nt/10.3-2021.10/bin/../lib/gcc/arm-none-eabi/10.3.1/thumb/v7e-m+dp/hard\libgcc.a(_dvmd_tls.o)
                              c:/stellarstudio-7.1/sdks/tools-1.4.0/toolchain/arm/mingw64_nt/10.3-2021.10/bin/../lib/gcc/arm-none-eabi/10.3.1/thumb/v7e-m+dp/hard\libgcc.a(_aeabi_uldivmod.o) (__aeabi_ldiv0)

Discarded input sections

 .group         0x00000000        0xc build/sr5e1/steval_ttm007a/core1/Debug/Projects/SDKTests/CommonBuild/src/test_env.o
 .group         0x00000000        0xc build/sr5e1/steval_ttm007a/core1/Debug/Projects/SDKTests/CommonBuild/src/test_env.o
 .group         0x00000000        0xc build/sr5e1/steval_ttm007a/core1/Debug/Projects/SDKTests/CommonBuild/src/test_env.o
 .group         0x00000000        0xc build/sr5e1/steval_ttm007a/core1/Debug/Projects/SDKTests/CommonBuild/src/test_env.o
 .group         0x00000000        0xc build/sr5e1/steval_ttm007a/core1/Debug/Projects/SDKTests/CommonBuild/src/test_env.o
 .group         0x00000000        0xc build/sr5e1/steval_ttm007a/core1/Debug/Projects/SDKTests/CommonBuild/src/test_env.o
 .group         0x00000000        0xc build/sr5e1/steval_ttm007a/core1/Debug/Projects/SDKTests/CommonBuild/src/test_env.o
 .group         0x00000000        0xc build/sr5e1/steval_ttm007a/core1/Debug/Projects/SDKTests/CommonBuild/src/test_env.o
 .group         0x00000000        0xc build/sr5e1/steval_ttm007a/core1/Debug/Projects/SDKTests/CommonBuild/src/test_env.o
 .group         0x00000000        0xc build/sr5e1/steval_ttm007a/core1/Debug/Projects/SDKTests/CommonBuild/src/test_env.o
 .group         0x00000000        0xc build/sr5e1/steval_ttm007a/core1/Debug/Projects/SDKTests/CommonBuild/src/test_env.o
 .group         0x00000000        0xc build/sr5e1/steval_ttm007a/core1/Debug/Projects/SDKTests/CommonBuild/src/test_env.o
 .group         0x00000000        0xc build/sr5e1/steval_ttm007a/core1/Debug/Projects/SDKTests/CommonBuild/src/test_env.o
 .group         0x00000000        0xc build/sr5e1/steval_ttm007a/core1/Debug/Projects/SDKTests/CommonBuild/src/test_env.o
 .group         0x00000000        0xc build/sr5e1/steval_ttm007a/core1/Debug/Projects/SDKTests/CommonBuild/src/test_env.o
 .group         0x00000000        0xc build/sr5e1/steval_ttm007a/core1/Debug/Projects/SDKTests/CommonBuild/src/test_env.o
 .group         0x00000000        0xc build/sr5e1/steval_ttm007a/core1/Debug/Projects/SDKTests/CommonBuild/src/test_env.o
 .group         0x00000000        0xc build/sr5e1/steval_ttm007a/core1/Debug/Projects/SDKTests/CommonBuild/src/test_env.o
 .group         0x00000000        0xc build/sr5e1/steval_ttm007a/core1/Debug/Projects/SDKTests/CommonBuild/src/test_env.o
 .group         0x00000000        0xc build/sr5e1/steval_ttm007a/core1/Debug/Projects/SDKTests/CommonBuild/src/test_env.o
 .group         0x00000000        0xc build/sr5e1/steval_ttm007a/core1/Debug/Projects/SDKTests/CommonBuild/src/test_env.o
 .group         0x00000000        0xc build/sr5e1/steval_ttm007a/core1/Debug/Projects/SDKTests/CommonBuild/src/test_env.o
 .group         0x00000000        0xc build/sr5e1/steval_ttm007a/core1/Debug/Projects/SDKTests/CommonBuild/src/test_env.o
 .group         0x00000000        0xc build/sr5e1/steval_ttm007a/core1/Debug/Projects/SDKTests/CommonBuild/src/test_env.o
 .group         0x00000000        0xc build/sr5e1/steval_ttm007a/core1/Debug/Projects/SDKTests/CommonBuild/src/test_env.o
 .group         0x00000000        0xc build/sr5e1/steval_ttm007a/core1/Debug/Projects/SDKTests/CommonBuild/src/test_env.o
 .group         0x00000000        0xc build/sr5e1/steval_ttm007a/core1/Debug/Projects/SDKTests/CommonBuild/src/test_env.o
 .group         0x00000000        0xc build/sr5e1/steval_ttm007a/core1/Debug/Projects/SDKTests/CommonBuild/src/test_env.o
 .group         0x00000000        0xc build/sr5e1/steval_ttm007a/core1/Debug/Projects/SDKTests/CommonBuild/src/test_env.o
[...]
Memory Configuration

Name             Origin             Length             Attributes
cflash1          0x08000000         0x000f0000         xr
cflash2          0x080f0000         0x000f0000         xr
dflash           0x08f00000         0x00010000         xr
sram1            0x24000000         0x00020000         xw
sram2            0x24020000         0x00020000         xw
itcm1            0x5a000000         0x00008000         xw
itcm2            0x5a040000         0x00008000         xw
dtcm1            0x5c000000         0x00010000         xw
dtcm2            0x5c040000         0x00010000         xw
core1_nvm        0x08000000         0x000f0000         xr
core2_nvm        0x080f0000         0x000f0000         xr
core1_ram        0x24000000         0x00020000         xw
core2_ram        0x24020000         0x00020000         xw
core1_itcm_dir   0x00000000         0x00008000         xw
core1_itcm_ind   0x5a000000         0x00008000         xw
core1_dtcm_dir   0x20000000         0x00010000         xw
core1_dtcm_ind   0x5c000000         0x00010000         xw
core2_itcm_dir   0x00000000         0x00008000         xw
core2_itcm_ind   0x5a040000         0x00008000         xw
core2_dtcm_dir   0x20000000         0x00010000         xw
core2_dtcm_ind   0x5c040000         0x00010000         xw
*default*        0x00000000         0xffffffff

Linker script and memory map


startup         0x24000000      0x40c
 *(.vectors)
 .vectors       0x24000000      0x300 build/sr5e1/steval_ttm007a/core1/Debug/Modules/Boot/src/GCC/vectors.o
                0x24000000                _vectors
 *(.reset_handler)
 *fill*         0x24000300      0x100 
 .reset_handler
                0x24000400        0xc build/sr5e1/steval_ttm007a/core1/Debug/Modules/Boot/src/GCC/vectors.o
                0x24000400                Reset_Handler
                0x24000404                VectorE8
                0x24000404                Vector9C
                0x24000404                Vector2C4
                0x24000404                VectorAC
                0x24000404                DebugMon_Handler
                0x24000404                Vector2B0
                0x24000404                Vector26C
                0x24000404                Vector22C
                0x24000404                Vector1A0
                0x24000404                Vector2C0
                0x24000404                Vector5C
                0x24000404                Vector224
                0x24000404                Vector2F0
                0x24000404                Vector11C
                0x24000404                HardFault_Handler
                0x24000404                Vector1B8
                0x24000404                Vector1F0
                0x24000404                Vector19C
                0x24000404                Vector1EC
                0x24000404                Vector8C
                0x24000404                Vector2D8
                0x24000404                PendSV_Handler
                0x24000404                Vector168
                0x24000404                NMI_Handler
                0x24000404                Vector270
                0x24000404                Vector24C
                0x24000404                Vector110
                0x24000404                Vector274
                0x24000404                Vector1D8
                0x24000404                Vector1F4
                0x24000404                VectorC8
                0x24000404                Vector2CC
                0x24000404                Vector94
                0x24000404                Vector254
                0x24000404                VectorA8
                0x24000404                Vector244
                0x24000404                Vector204
                0x24000404                Vector2AC
                0x24000404                VectorB4
                0x24000404                Vector1FC
                0x24000404                Vector160
                0x24000404                Vector1B0
                0x24000404                UsageFault_Handler
                0x24000404                VectorEC
                0x24000404                Vector234
                0x24000404                Vector2F4
                0x24000404                Vector264
                0x24000404                Vector40
                0x24000404                VectorF8
                0x24000404                Vector108
                0x24000404                VectorBC
                0x24000404                Vector190
                0x24000404                Vector1E0
                0x24000404                Vector150
                0x24000404                Vector1F8
                0x24000404                Vector260
                0x24000404                Vector27C
                0x24000404                Vector1C4
                0x24000404                Vector1CC
                0x24000404                Vector2A8
                0x24000404                Vector1E4
                0x24000404                Vector20C
                0x24000404                Vector148
                0x24000404                Vector188
                0x24000404                Vector23C
                0x24000404                Vector198
                0x24000404                Vector118
                0x24000404                Vector64
                0x24000404                Vector58
                0x24000404                VectorCC
                0x24000404                Vector54
                0x24000404                Vector2F8
                0x24000404                Vector98
                0x24000404                Vector2B8
                0x24000404                Vector258
                0x24000404                Vector284
                0x24000404                Vector218
                0x24000404                Vector24
                0x24000404                Vector200
                0x24000404                Vector1AC
                0x24000404                Vector178
                0x24000404                Vector2E4
                0x24000404                Vector1A4
                0x24000404                VectorD0
                0x24000404                Vector2A0
                0x24000404                Vector1B4
                0x24000404                Vector28C
                0x24000404                Vector140
                0x24000404                VectorE4
                0x24000404                VectorC0
                0x24000404                Vector158
                0x24000404                Vector1C0
                0x24000404                Vector214
                0x24000404                Vector250
                0x24000404                Vector2E0
                0x24000404                Vector2D0
                0x24000404                Vector1D0
                0x24000404                Vector2DC
                0x24000404                VectorF0
                0x24000404                Vector210
                0x24000404                Vector2BC
                0x24000404                Vector280
                0x24000404                Vector100
                0x24000404                VectorE0
                0x24000404                VectorF4
                0x24000404                Vector2B4
                0x24000404                Vector2C8
                0x24000404                MemManage_Handler
                0x24000404                Vector2EC
                0x24000404                Vector238
                0x24000404                VectorA0
                0x24000404                SVC_Handler
                0x24000404                VectorC4
                0x24000404                Vector180
                0x24000404                Vector288
                0x24000404                Vector208
                0x24000404                VectorB0
                0x24000404                Vector90
                0x24000404                Vector294
                0x24000404                Vector114
                0x24000404                Vector164
                0x24000404                Vector60
                0x24000404                Vector1C
                0x24000404                Vector1BC
                0x24000404                Vector1D4
                0x24000404                Vector17C
                0x24000404                Vector48
                0x24000404                Vector240
                0x24000404                Vector1A8
                0x24000404                Vector16C
                0x24000404                Vector228
                0x24000404                Vector2E8
                0x24000404                Vector2D4
                0x24000404                Vector278
                0x24000404                Vector4C
                0x24000404                Vector144
                0x24000404                Vector15C
                0x24000404                Vector68
                0x24000404                Vector230
                0x24000404                Vector290
                0x24000404                Vector1E8
                0x24000404                Vector18C
                0x24000404                Vector170
                0x24000404                Vector220
                0x24000404                Vector298
                0x24000404                Vector29C
                0x24000404                Vector104
                0x24000404                Vector184
                0x24000404                Vector10C
                0x24000404                Vector21C
                0x24000404                Vector268
                0x24000404                Vector14C
                0x24000404                BusFault_Handler
                0x24000404                Vector50
                0x24000404                Vector1C8
                0x24000404                Vector2FC
                0x24000404                Vector194
                0x24000404                Vector1DC
                0x24000404                Vector154
                0x24000404                Vector44
                0x24000404                Vector28
                0x24000404                VectorB8
                0x24000404                Vector2A4
                0x24000404                VectorFC
                0x24000404                Vector34
                0x24000404                Vector248
                0x24000404                VectorA4
                0x24000404                Vector25C
                0x24000404                Vector20
                0x24000404                Vector174
                0x24000408                _unhandled_exception

constructors    0x2400040c        0x0
                0x2400040c                PROVIDE (__init_array_start = .)
 *(SORT_BY_NAME(.init_array.*))
 *(.init_array)
                0x2400040c                PROVIDE (__init_array_end = .)

destructors     0x2400040c        0x0
                0x2400040c                PROVIDE (__fini_array_start = .)
 *(.fini_array)
 *(SORT_BY_NAME(.fini_array.*))
                0x2400040c                PROVIDE (__fini_array_end = .)

.text           0x24000410     0x38c0
 *(.text)
 .text          0x24000410      0x164 build/sr5e1/steval_ttm007a/core1/Debug/Modules/Boot/src/GCC/crt0.o
                0x24000410                _crt0_entry
 *fill*         0x24000574        0xc 
 .text          0x24000580      0x21c c:/stellarstudio-7.1/sdks/tools-1.4.0/toolchain/arm/mingw64_nt/10.3-2021.10/bin/../lib/gcc/arm-none-eabi/10.3.1/thumb/v7e-m+dp/hard\libgcc.a(_arm_addsubsf3.o)
                0x24000580                __aeabi_frsub
                0x24000588                __subsf3
                0x24000588                __aeabi_fsub
                0x2400058c                __aeabi_fadd
                0x2400058c                __addsf3
                0x240006ec                __aeabi_ui2f
                0x240006ec                __floatunsisf
                0x240006f4                __aeabi_i2f
                0x240006f4                __floatsisf
                0x24000710                __aeabi_ul2f
                0x24000710                __floatundisf
                0x24000720                __aeabi_l2f
                0x24000720                __floatdisf
 *fill*         0x2400079c        0x4 
 .text          0x240007a0       0x30 c:/stellarstudio-7.1/sdks/tools-1.4.0/toolchain/arm/mingw64_nt/10.3-2021.10/bin/../lib/gcc/arm-none-eabi/10.3.1/thumb/v7e-m+dp/hard\libgcc.a(_aeabi_uldivmod.o)
                0x240007a0                __aeabi_uldivmod
 .text          0x240007d0      0x2d0 c:/stellarstudio-7.1/sdks/tools-1.4.0/toolchain/arm/mingw64_nt/10.3-2021.10/bin/../lib/gcc/arm-none-eabi/10.3.1/thumb/v7e-m+dp/hard\libgcc.a(_udivmoddi4.o)
                0x240007d0                __udivmoddi4
 .text          0x24000aa0        0x4 c:/stellarstudio-7.1/sdks/tools-1.4.0/toolchain/arm/mingw64_nt/10.3-2021.10/bin/../lib/gcc/arm-none-eabi/10.3.1/thumb/v7e-m+dp/hard\libgcc.a(_dvmd_tls.o)
                0x24000aa0                __aeabi_idiv0
                0x24000aa0                __aeabi_ldiv0
 *(.text.*)
 *fill*         0x24000aa4        0xc 
 .text.gpio_set_pin_moder
                0x24000ab0       0x70 build/sr5e1/steval_ttm007a/core1/Debug/Projects/SDKTests/CommonBuild/src/test_env.o
 .text.gpio_set_pin_otyper
                0x24000b20       0x70 build/sr5e1/steval_ttm007a/core1/Debug/Projects/SDKTests/CommonBuild/src/test_env.o
 .text.gpio_set_pin_ospeedr
                0x24000b90       0x70 build/sr5e1/steval_ttm007a/core1/Debug/Projects/SDKTests/CommonBuild/src/test_env.o
 .text.gpio_set_pin_pupdr
                0x24000c00       0x70 build/sr5e1/steval_ttm007a/core1/Debug/Projects/SDKTests/CommonBuild/src/test_env.o
 .text.gpio_set_pin_afr
                0x24000c70       0xa8 build/sr5e1/steval_ttm007a/core1/Debug/Projects/SDKTests/CommonBuild/src/test_env.o
 *fill*         0x24000d18        0x8 
 .text.gpio_set_pin_ihystr
                0x24000d20       0x70 build/sr5e1/steval_ttm007a/core1/Debug/Projects/SDKTests/CommonBuild/src/test_env.o
 .text.gpio_set_pin_trigenr
                0x24000d90       0x70 build/sr5e1/steval_ttm007a/core1/Debug/Projects/SDKTests/CommonBuild/src/test_env.o
 .text.gpio_set_pin_safeselr
                0x24000e00       0x70 build/sr5e1/steval_ttm007a/core1/Debug/Projects/SDKTests/CommonBuild/src/test_env.o
 .text.gpio_set_pin_safevalr
                0x24000e70       0x70 build/sr5e1/steval_ttm007a/core1/Debug/Projects/SDKTests/CommonBuild/src/test_env.o
 .text.gpio_set_pin_mode
                0x24000ee0       0xdc build/sr5e1/steval_ttm007a/core1/Debug/Projects/SDKTests/CommonBuild/src/test_env.o
 *fill*         0x24000fbc        0x4 
 .text.steval_ttm007a_init
                0x24000fc0      0x1d4 build/sr5e1/steval_ttm007a/core1/Debug/Projects/SDKTests/CommonBuild/src/test_env.o
 *fill*         0x24001194        0xc 
 .text.test_env_init
                0x240011a0       0x54 build/sr5e1/steval_ttm007a/core1/Debug/Projects/SDKTests/CommonBuild/src/test_env.o
                0x240011a0                test_env_init
 *fill*         0x240011f4        0xc 
 .text.gpio_read_pin
                0x24001200       0x5c build/sr5e1/steval_ttm007a/core1/Debug/src/main.o
 *fill*         0x2400125c        0x4 
 .text.gpio_set_pin
                0x24001260       0x4c build/sr5e1/steval_ttm007a/core1/Debug/src/main.o
 *fill*         0x240012ac        0x4 
 .text.gpio_clear_pin
                0x240012b0       0x4c build/sr5e1/steval_ttm007a/core1/Debug/src/main.o
 *fill*         0x240012fc        0x4 
 .text.EnDat_Mode_Command
                0x24001300       0xc8 build/sr5e1/steval_ttm007a/core1/Debug/src/main.o
                0x24001300                EnDat_Mode_Command
 *fill*         0x240013c8        0x8 
 .text.EnDat_Command
                0x240013d0      0x3ec build/sr5e1/steval_ttm007a/core1/Debug/src/main.o
                0x240013d0                EnDat_Command
 *fill*         0x240017bc        0x4 
 .text.Endat_startup
                0x240017c0       0x38 build/sr5e1/steval_ttm007a/core1/Debug/src/main.o
                0x240017c0                Endat_startup
 *fill*         0x240017f8        0x8 
 .text.main     0x24001800      0x298 build/sr5e1/steval_ttm007a/core1/Debug/src/main.o
                0x24001800                main
 *fill*         0x24001a98        0x8 
 .text.uart_cfg1
                0x24001aa0       0x58 build/sr5e1/steval_ttm007a/core1/Debug/cfg/uart_cfg.o
                0x24001aa0                uart_cfg1
 *fill*         0x24001af8        0x8 
 .text.__core_init
                0x24001b00       0x50 build/sr5e1/steval_ttm007a/core1/Debug/Modules/Boot/src/crt1.o
                0x24001b00                __core_init
 .text.__early_init
                0x24001b50        0x4 build/sr5e1/steval_ttm007a/core1/Debug/Modules/Boot/src/crt1.o
                0x24001b50                __early_init
 *fill*         0x24001b54        0xc 
 .text.__late_init
                0x24001b60        0x4 build/sr5e1/steval_ttm007a/core1/Debug/Modules/Boot/src/crt1.o
                0x24001b60                __late_init
 *fill*         0x24001b64        0xc 
 .text.__default_exit
                0x24001b70        0x4 build/sr5e1/steval_ttm007a/core1/Debug/Modules/Boot/src/crt1.o
                0x24001b70                __default_exit
 *fill*         0x24001b74        0xc 
 .text.clock_init
                0x24001b80      0x360 build/sr5e1/steval_ttm007a/core1/Debug/Modules/Platform/Clock/src/sr5e1/clock.o
                0x24001b80                clock_init
 .text.__NVIC_EnableIRQ
                0x24001ee0       0x34 build/sr5e1/steval_ttm007a/core1/Debug/Modules/Drivers/System/DMA/src/dma.o
 *fill*         0x24001f14        0xc 
 .text.__NVIC_SetPriority
                0x24001f20       0x50 build/sr5e1/steval_ttm007a/core1/Debug/Modules/Drivers/System/DMA/src/dma.o
 .text.irq_enable
                0x24001f70       0x1c build/sr5e1/steval_ttm007a/core1/Debug/Modules/Drivers/System/DMA/src/dma.o
 *fill*         0x24001f8c        0x4 
 .text.irq_set_priority
                0x24001f90       0x20 build/sr5e1/steval_ttm007a/core1/Debug/Modules/Drivers/System/DMA/src/dma.o
 .text.dma_stream_clear_interrupts
                0x24001fb0       0x48 build/sr5e1/steval_ttm007a/core1/Debug/Modules/Drivers/System/DMA/src/dma.o
 *fill*         0x24001ff8        0x8 
 .text.dma_stream_disable
                0x24002000       0x24 build/sr5e1/steval_ttm007a/core1/Debug/Modules/Drivers/System/DMA/src/dma.o
 *fill*         0x24002024        0xc 
 .text.dma_serve_interrupt
                0x24002030       0xd0 build/sr5e1/steval_ttm007a/core1/Debug/Modules/Drivers/System/DMA/src/dma.o
 .text.Vector6C
                0x24002100       0x10 build/sr5e1/steval_ttm007a/core1/Debug/Modules/Drivers/System/DMA/src/dma.o
                0x24002100                Vector6C
 .text.Vector70
                0x24002110       0x10 build/sr5e1/steval_ttm007a/core1/Debug/Modules/Drivers/System/DMA/src/dma.o
                0x24002110                Vector70
 .text.Vector74
                0x24002120       0x10 build/sr5e1/steval_ttm007a/core1/Debug/Modules/Drivers/System/DMA/src/dma.o
                0x24002120                Vector74
 .text.Vector78
                0x24002130       0x10 build/sr5e1/steval_ttm007a/core1/Debug/Modules/Drivers/System/DMA/src/dma.o
                0x24002130                Vector78
 .text.Vector7C
                0x24002140       0x10 build/sr5e1/steval_ttm007a/core1/Debug/Modules/Drivers/System/DMA/src/dma.o
                0x24002140                Vector7C
 .text.Vector80
                0x24002150       0x10 build/sr5e1/steval_ttm007a/core1/Debug/Modules/Drivers/System/DMA/src/dma.o
                0x24002150                Vector80
 .text.Vector84
                0x24002160       0x10 build/sr5e1/steval_ttm007a/core1/Debug/Modules/Drivers/System/DMA/src/dma.o
                0x24002160                Vector84
 .text.Vector88
                0x24002170       0x10 build/sr5e1/steval_ttm007a/core1/Debug/Modules/Drivers/System/DMA/src/dma.o
                0x24002170                Vector88
 .text.Vector120
                0x24002180       0x10 build/sr5e1/steval_ttm007a/core1/Debug/Modules/Drivers/System/DMA/src/dma.o
                0x24002180                Vector120
 .text.Vector124
                0x24002190       0x10 build/sr5e1/steval_ttm007a/core1/Debug/Modules/Drivers/System/DMA/src/dma.o
                0x24002190                Vector124
 .text.Vector128
                0x240021a0       0x10 build/sr5e1/steval_ttm007a/core1/Debug/Modules/Drivers/System/DMA/src/dma.o
                0x240021a0                Vector128
 .text.Vector12C
                0x240021b0       0x10 build/sr5e1/steval_ttm007a/core1/Debug/Modules/Drivers/System/DMA/src/dma.o
                0x240021b0                Vector12C
 .text.Vector130
                0x240021c0       0x10 build/sr5e1/steval_ttm007a/core1/Debug/Modules/Drivers/System/DMA/src/dma.o
                0x240021c0                Vector130
 .text.Vector134
                0x240021d0       0x10 build/sr5e1/steval_ttm007a/core1/Debug/Modules/Drivers/System/DMA/src/dma.o
                0x240021d0                Vector134
 .text.Vector138
                0x240021e0       0x10 build/sr5e1/steval_ttm007a/core1/Debug/Modules/Drivers/System/DMA/src/dma.o
                0x240021e0                Vector138
 .text.Vector13C
                0x240021f0       0x10 build/sr5e1/steval_ttm007a/core1/Debug/Modules/Drivers/System/DMA/src/dma.o
                0x240021f0                Vector13C
 .text.dma_stream_take
                0x24002200      0x2a8 build/sr5e1/steval_ttm007a/core1/Debug/Modules/Drivers/System/DMA/src/dma.o
                0x24002200                dma_stream_take
 *fill*         0x240024a8        0x8 
 .text.gpio_init
                0x240024b0        0xc build/sr5e1/steval_ttm007a/core1/Debug/Modules/Drivers/System/GPIO/src/gpio.o
                0x240024b0                gpio_init
 *fill*         0x240024bc        0x4 
 .text.gpio_dev_init
                0x240024c0       0x24 build/sr5e1/steval_ttm007a/core1/Debug/Modules/Drivers/System/GPIO/src/sr5e1/gpio_dev.o
                0x240024c0                gpio_dev_init
 *fill*         0x240024e4        0xc 
 .text.gpio_dev_get_port_reg_ptr
                0x240024f0       0x8c build/sr5e1/steval_ttm007a/core1/Debug/Modules/Drivers/System/GPIO/src/sr5e1/gpio_dev.o
                0x240024f0                gpio_dev_get_port_reg_ptr
 *fill*         0x2400257c        0x4 
 .text.__NVIC_EnableIRQ
                0x24002580       0x34 build/sr5e1/steval_ttm007a/core1/Debug/Modules/Drivers/Comms/UART/src/uart.o
 *fill*         0x240025b4        0xc 
 .text.__NVIC_SetPriority
                0x240025c0       0x50 build/sr5e1/steval_ttm007a/core1/Debug/Modules/Drivers/Comms/UART/src/uart.o
 .text.irq_enable
                0x24002610       0x1c build/sr5e1/steval_ttm007a/core1/Debug/Modules/Drivers/Comms/UART/src/uart.o
 *fill*         0x2400262c        0x4 
 .text.irq_set_priority
                0x24002630       0x20 build/sr5e1/steval_ttm007a/core1/Debug/Modules/Drivers/Comms/UART/src/uart.o
 .text.dma_stream_set_peripheral
                0x24002650       0x14 build/sr5e1/steval_ttm007a/core1/Debug/Modules/Drivers/Comms/UART/src/uart.o
 *fill*         0x24002664        0xc 
 .text.dma_stream_set_memory
                0x24002670       0x14 build/sr5e1/steval_ttm007a/core1/Debug/Modules/Drivers/Comms/UART/src/uart.o
 *fill*         0x24002684        0xc 
 .text.dma_stream_set_count
                0x24002690       0x14 build/sr5e1/steval_ttm007a/core1/Debug/Modules/Drivers/Comms/UART/src/uart.o
 *fill*         0x240026a4        0xc 
 .text.dma_stream_get_count
                0x240026b0       0x10 build/sr5e1/steval_ttm007a/core1/Debug/Modules/Drivers/Comms/UART/src/uart.o
 .text.dma_stream_set_transfer_mode
                0x240026c0       0x14 build/sr5e1/steval_ttm007a/core1/Debug/Modules/Drivers/Comms/UART/src/uart.o
 *fill*         0x240026d4        0xc 
 .text.dma_stream_enable
                0x240026e0       0x1c build/sr5e1/steval_ttm007a/core1/Debug/Modules/Drivers/Comms/UART/src/uart.o
 *fill*         0x240026fc        0x4 
 .text.dma_stream_abort
                0x24002700       0x2c build/sr5e1/steval_ttm007a/core1/Debug/Modules/Drivers/Comms/UART/src/uart.o
 *fill*         0x2400272c        0x4 
 .text.dma_stream_set_trigger
                0x24002730       0x14 build/sr5e1/steval_ttm007a/core1/Debug/Modules/Drivers/Comms/UART/src/uart.o
 *fill*         0x24002744        0xc 
 .text.osal_start_timeout
                0x24002750       0x1c build/sr5e1/steval_ttm007a/core1/Debug/Modules/Drivers/Comms/UART/src/uart.o
 *fill*         0x2400276c        0x4 
 .text.osal_check_timeout
                0x24002770       0x3c build/sr5e1/steval_ttm007a/core1/Debug/Modules/Drivers/Comms/UART/src/uart.o
 *fill*         0x240027ac        0x4 
 .text.uart_reset_paramters
                0x240027b0      0x13c build/sr5e1/steval_ttm007a/core1/Debug/Modules/Drivers/Comms/UART/src/uart.o
 *fill*         0x240028ec        0x4 
 .text.uart_serve_dma_tx_interrupt
                0x240028f0       0x68 build/sr5e1/steval_ttm007a/core1/Debug/Modules/Drivers/Comms/UART/src/uart.o
 *fill*         0x24002958        0x8 
 .text.uart_serve_dma_rx_interrupt
                0x24002960       0x6c build/sr5e1/steval_ttm007a/core1/Debug/Modules/Drivers/Comms/UART/src/uart.o
 *fill*         0x240029cc        0x4 
 .text.uart_lld_write
                0x240029d0       0x38 build/sr5e1/steval_ttm007a/core1/Debug/Modules/Drivers/Comms/UART/src/uart.o
 *fill*         0x24002a08        0x8 
 .text.uart_fifo_lld_write
                0x24002a10       0x1c build/sr5e1/steval_ttm007a/core1/Debug/Modules/Drivers/Comms/UART/src/uart.o
 *fill*         0x24002a2c        0x4 
 .text.uart_dma_lld_write
                0x24002a30       0x38 build/sr5e1/steval_ttm007a/core1/Debug/Modules/Drivers/Comms/UART/src/uart.o
 *fill*         0x24002a68        0x8 
 .text.uart_polling_lld_write
                0x24002a70       0x84 build/sr5e1/steval_ttm007a/core1/Debug/Modules/Drivers/Comms/UART/src/uart.o
 *fill*         0x24002af4        0xc 
 .text.uart_init
                0x24002b00       0x2c build/sr5e1/steval_ttm007a/core1/Debug/Modules/Drivers/Comms/UART/src/uart.o
                0x24002b00                uart_init
 *fill*         0x24002b2c        0x4 
 .text.uart_set_prio
                0x24002b30       0x1c build/sr5e1/steval_ttm007a/core1/Debug/Modules/Drivers/Comms/UART/src/uart.o
                0x24002b30                uart_set_prio
 *fill*         0x24002b4c        0x4 
 .text.uart_set_rx_drv_mode
                0x24002b50       0x28 build/sr5e1/steval_ttm007a/core1/Debug/Modules/Drivers/Comms/UART/src/uart.o
                0x24002b50                uart_set_rx_drv_mode
 *fill*         0x24002b78        0x8 
 .text.uart_set_tx_drv_mode
                0x24002b80       0x28 build/sr5e1/steval_ttm007a/core1/Debug/Modules/Drivers/Comms/UART/src/uart.o
                0x24002b80                uart_set_tx_drv_mode
 *fill*         0x24002ba8        0x8 
 .text.uart_set_fifo_enable
                0x24002bb0       0x28 build/sr5e1/steval_ttm007a/core1/Debug/Modules/Drivers/Comms/UART/src/uart.o
                0x24002bb0                uart_set_fifo_enable
 *fill*         0x24002bd8        0x8 
 .text.uart_set_baud
                0x24002be0       0x1c build/sr5e1/steval_ttm007a/core1/Debug/Modules/Drivers/Comms/UART/src/uart.o
                0x24002be0                uart_set_baud
 *fill*         0x24002bfc        0x4 
 .text.uart_set_presc
                0x24002c00       0x28 build/sr5e1/steval_ttm007a/core1/Debug/Modules/Drivers/Comms/UART/src/uart.o
                0x24002c00                uart_set_presc
 *fill*         0x24002c28        0x8 
 .text.uart_set_parity
                0x24002c30       0x28 build/sr5e1/steval_ttm007a/core1/Debug/Modules/Drivers/Comms/UART/src/uart.o
                0x24002c30                uart_set_parity
 *fill*         0x24002c58        0x8 
 .text.uart_set_over
                0x24002c60       0x28 build/sr5e1/steval_ttm007a/core1/Debug/Modules/Drivers/Comms/UART/src/uart.o
                0x24002c60                uart_set_over
 *fill*         0x24002c88        0x8 
 .text.uart_set_sbit
                0x24002c90       0x28 build/sr5e1/steval_ttm007a/core1/Debug/Modules/Drivers/Comms/UART/src/uart.o
                0x24002c90                uart_set_sbit
 *fill*         0x24002cb8        0x8 
 .text.uart_start
                0x24002cc0      0x268 build/sr5e1/steval_ttm007a/core1/Debug/Modules/Drivers/Comms/UART/src/uart.o
                0x24002cc0                uart_start
 *fill*         0x24002f28        0x8 
 .text.uart_write
                0x24002f30       0xe8 build/sr5e1/steval_ttm007a/core1/Debug/Modules/Drivers/Comms/UART/src/uart.o
                0x24002f30                uart_write
 *fill*         0x24003018        0x8 
 .text.__uart_serve_interrupt
                0x24003020      0x3dc build/sr5e1/steval_ttm007a/core1/Debug/Modules/Drivers/Comms/UART/src/uart.o
                0x24003020                __uart_serve_interrupt
 *fill*         0x240033fc        0x4 
 .text.uart_dev_get_reg_ptr
                0x24003400       0x40 build/sr5e1/steval_ttm007a/core1/Debug/Modules/Drivers/Comms/UART/src/sr5e1/uart_dev.o
                0x24003400                uart_dev_get_reg_ptr
 .text.uart_dev_get_clock
                0x24003440       0x38 build/sr5e1/steval_ttm007a/core1/Debug/Modules/Drivers/Comms/UART/src/sr5e1/uart_dev.o
                0x24003440                uart_dev_get_clock
 *fill*         0x24003478        0x8 
 .text.uart_dev_clock_enable
                0x24003480      0x1d4 build/sr5e1/steval_ttm007a/core1/Debug/Modules/Drivers/Comms/UART/src/sr5e1/uart_dev.o
                0x24003480                uart_dev_clock_enable
 *fill*         0x24003654        0xc 
 .text.uart_dev_get_dma_tx_trigger
                0x24003660       0x34 build/sr5e1/steval_ttm007a/core1/Debug/Modules/Drivers/Comms/UART/src/sr5e1/uart_dev.o
                0x24003660                uart_dev_get_dma_tx_trigger
 *fill*         0x24003694        0xc 
 .text.uart_dev_get_dma_rx_trigger
                0x240036a0       0x34 build/sr5e1/steval_ttm007a/core1/Debug/Modules/Drivers/Comms/UART/src/sr5e1/uart_dev.o
                0x240036a0                uart_dev_get_dma_rx_trigger
 *fill*         0x240036d4        0xc 
 .text.uart_dev_get_vector
                0x240036e0       0x3c build/sr5e1/steval_ttm007a/core1/Debug/Modules/Drivers/Comms/UART/src/sr5e1/uart_dev.o
                0x240036e0                uart_dev_get_vector
 *fill*         0x2400371c        0x4 
 .text.VectorD4
                0x24003720       0x10 build/sr5e1/steval_ttm007a/core1/Debug/Modules/Drivers/Comms/UART/src/sr5e1/uart_dev.o
                0x24003720                VectorD4
 .text.VectorD8
                0x24003730       0x10 build/sr5e1/steval_ttm007a/core1/Debug/Modules/Drivers/Comms/UART/src/sr5e1/uart_dev.o
                0x24003730                VectorD8
 .text.VectorDC
                0x24003740       0x10 build/sr5e1/steval_ttm007a/core1/Debug/Modules/Drivers/Comms/UART/src/sr5e1/uart_dev.o
                0x24003740                VectorDC
 .text.__NVIC_SetPriority
                0x24003750       0x50 build/sr5e1/steval_ttm007a/core1/Debug/Modules/Drivers/Timers/SYSTICK/src/systick.o
 .text.SysTick_Config
                0x240037a0       0x40 build/sr5e1/steval_ttm007a/core1/Debug/Modules/Drivers/Timers/SYSTICK/src/systick.o
 .text.__systick_serve_interrupt
                0x240037e0       0x28 build/sr5e1/steval_ttm007a/core1/Debug/Modules/Drivers/Timers/SYSTICK/src/systick.o
 *fill*         0x24003808        0x8 
 .text.SysTick_Handler
                0x24003810       0x10 build/sr5e1/steval_ttm007a/core1/Debug/Modules/Drivers/Timers/SYSTICK/src/systick.o
                0x24003810                SysTick_Handler
 .text.systick_init
                0x24003820       0x38 build/sr5e1/steval_ttm007a/core1/Debug/Modules/Drivers/Timers/SYSTICK/src/systick.o
                0x24003820                systick_init
 *fill*         0x24003858        0x8 
 .text.systick_set_prio
                0x24003860       0x1c build/sr5e1/steval_ttm007a/core1/Debug/Modules/Drivers/Timers/SYSTICK/src/systick.o
                0x24003860                systick_set_prio
 *fill*         0x2400387c        0x4 
 .text.systick_set_relval
                0x24003880       0x1c build/sr5e1/steval_ttm007a/core1/Debug/Modules/Drivers/Timers/SYSTICK/src/systick.o
                0x24003880                systick_set_relval
 *fill*         0x2400389c        0x4 
 .text.systick_start
                0x240038a0       0x28 build/sr5e1/steval_ttm007a/core1/Debug/Modules/Drivers/Timers/SYSTICK/src/systick.o
                0x240038a0                systick_start
 *fill*         0x240038c8        0x8 
 .text.systick_get_ticks
                0x240038d0       0x88 build/sr5e1/steval_ttm007a/core1/Debug/Modules/Drivers/Timers/SYSTICK/src/systick.o
                0x240038d0                systick_get_ticks
 *fill*         0x24003958        0x8 
 .text.systick_us2tk
                0x24003960       0x74 build/sr5e1/steval_ttm007a/core1/Debug/Modules/Drivers/Timers/SYSTICK/src/systick.o
                0x24003960                systick_us2tk
 *fill*         0x240039d4        0xc 
 .text.systick_delay_microsec
                0x240039e0       0x48 build/sr5e1/steval_ttm007a/core1/Debug/Modules/Drivers/Timers/SYSTICK/src/systick.o
                0x240039e0                systick_delay_microsec
 *fill*         0x24003a28        0x8 
 .text.irq_enable_all
                0x24003a30        0x8 build/sr5e1/steval_ttm007a/core1/Debug/Modules/OS/OSAL/src/osal.o
 *fill*         0x24003a38        0x8 
 .text.osal_init
                0x24003a40       0x3c build/sr5e1/steval_ttm007a/core1/Debug/Modules/OS/OSAL/src/osal.o
                0x24003a40                osal_init
 *fill*         0x24003a7c        0x4 
 .text.osal_get_tick
                0x24003a80       0x18 build/sr5e1/steval_ttm007a/core1/Debug/Modules/OS/OSAL/src/osal.o
                0x24003a80                osal_get_tick
 *fill*         0x24003a98        0x8 
 .text.osal_delay_microsec
                0x24003aa0       0x1c build/sr5e1/steval_ttm007a/core1/Debug/Modules/OS/OSAL/src/osal.o
                0x24003aa0                osal_delay_microsec
 *fill*         0x24003abc        0x4 
 .text.osal_sys_unlock
                0x24003ac0        0xc build/sr5e1/steval_ttm007a/core1/Debug/Modules/OS/OSAL/src/osal.o
                0x24003ac0                osal_sys_unlock
 *fill*         0x24003acc        0x4 
 .text.osal_sys_unlock.__stub
                0x24003ad0        0x8 linker stubs
 *(.rodata)
 *fill*         0x24003ad8        0x8 
 .rodata        0x24003ae0       0x3f build/sr5e1/steval_ttm007a/core1/Debug/src/main.o
 *(.rodata.*)
 *fill*         0x24003b1f        0x1 
 .rodata.dma_descriptors
                0x24003b20      0x180 build/sr5e1/steval_ttm007a/core1/Debug/Modules/Drivers/System/DMA/src/dma.o
 .rodata.prescvals.0
                0x24003ca0       0x30 build/sr5e1/steval_ttm007a/core1/Debug/Modules/Drivers/Comms/UART/src/uart.o
 *(.glue_7t)
 .glue_7t       0x24003cd0        0x0 linker stubs
 *(.glue_7)
 .glue_7        0x24003cd0        0x0 linker stubs
 *(.gcc*)

.vfp11_veneer   0x24003cd0        0x0
 .vfp11_veneer  0x24003cd0        0x0 linker stubs

.v4_bx          0x24003cd0        0x0
 .v4_bx         0x24003cd0        0x0 linker stubs

.iplt           0x24003cd0        0x0
 .iplt          0x24003cd0        0x0 build/sr5e1/steval_ttm007a/core1/Debug/Projects/SDKTests/CommonBuild/src/test_env.o

.ARM.extab
 *(.ARM.extab* .gnu.linkonce.armextab.*)

.ARM.exidx      0x24003cd0        0x8
                [!provide]                PROVIDE (__exidx_start = .)
 *(.ARM.exidx* .gnu.linkonce.armexidx.*)
 .ARM.exidx     0x24003cd0        0x8 c:/stellarstudio-7.1/sdks/tools-1.4.0/toolchain/arm/mingw64_nt/10.3-2021.10/bin/../lib/gcc/arm-none-eabi/10.3.1/thumb/v7e-m+dp/hard\libgcc.a(_udivmoddi4.o)
                [!provide]                PROVIDE (__exidx_end = .)

.rel.dyn        0x24003cd8        0x0
 .rel.iplt      0x24003cd8        0x0 build/sr5e1/steval_ttm007a/core1/Debug/Projects/SDKTests/CommonBuild/src/test_env.o

.eh_frame_hdr
 *(.eh_frame_hdr)

.eh_frame
 *(.eh_frame)

.itcm           0x00000000       0x1c load address 0x24003ce0
                0x00000000                __itcm__ = .
 .itcm          0x00000000       0x1c build/sr5e1/steval_ttm007a/core1/Debug/Modules/Platform/Clock/src/sr5e1/clock.o
                0x00000000                __itcm_start__ = ORIGIN (core1_itcm_dir)
                0x00008000                __itcm_len__ = LENGTH (core1_itcm_dir)
                0x00008000                __itcm_end__ = (__itcm_start__ + __itcm_len__)
                0x0000001c                __itcm_size__ = SIZEOF (.itcm)
                0x24003ce0                __itcm_load__ = LOADADDR (.itcm)

.dtcm           0x20000000        0x0 load address 0x24003cfc
                0x20000000                __dtcm__ = .
                0x20000000                __dtcm_start__ = ORIGIN (core1_dtcm_dir)
                0x00010000                __dtcm_len__ = LENGTH (core1_dtcm_dir)
                0x20010000                __dtcm_end__ = (__dtcm_start__ + __dtcm_len__)
                0x00000000                __dtcm_size__ = SIZEOF (.dtcm)
                0x24003cfc                __dtcm_load__ = LOADADDR (.dtcm)

.data           0x24003cfc        0x4
                0x24003cfc                . = ALIGN (0x4)
                0x24003cfc                PROVIDE (__data_start__ = .)
 *(.data)
 *(.data.*)
 .data.SystemCoreClock
                0x24003cfc        0x4 build/sr5e1/steval_ttm007a/core1/Debug/Modules/Platform/Clock/src/sr5e1/clock.o
                0x24003cfc                SystemCoreClock
 *(.gnu.linkonce.d.*)
                0x24003d00                PROVIDE (__data_end__ = .)
                0x00000004                __data_size__ = SIZEOF (.data)
                0x24003cfc                __data_load__ = LOADADDR (.data)

.igot.plt       0x24003d00        0x0
 .igot.plt      0x24003d00        0x0 build/sr5e1/steval_ttm007a/core1/Debug/Projects/SDKTests/CommonBuild/src/test_env.o

.bss            0x24003d00      0x2a8
                0x24003d00                . = ALIGN (0x8)
                0x24003d00                PROVIDE (__bss_start__ = .)
 *(.bss)
 *(.bss.*)
 .bss.p_pin_in  0x24003d00        0x4 build/sr5e1/steval_ttm007a/core1/Debug/src/main.o
                0x24003d00                p_pin_in
 .bss.pin_mask  0x24003d04        0x4 build/sr5e1/steval_ttm007a/core1/Debug/src/main.o
                0x24003d04                pin_mask
 .bss.p_pin_clk
                0x24003d08        0x4 build/sr5e1/steval_ttm007a/core1/Debug/src/main.o
                0x24003d08                p_pin_clk
 .bss.pin_mask_clk
                0x24003d0c        0x4 build/sr5e1/steval_ttm007a/core1/Debug/src/main.o
                0x24003d0c                pin_mask_clk
 .bss.Data      0x24003d10        0x4 build/sr5e1/steval_ttm007a/core1/Debug/src/main.o
                0x24003d10                Data
 .bss.Pos_Bit   0x24003d14        0x4 build/sr5e1/steval_ttm007a/core1/Debug/src/main.o
                0x24003d14                Pos_Bit
 .bss.Data_Out  0x24003d18        0x4 build/sr5e1/steval_ttm007a/core1/Debug/src/main.o
                0x24003d18                Data_Out
 .bss.Error_Status
                0x24003d1c        0x1 build/sr5e1/steval_ttm007a/core1/Debug/src/main.o
                0x24003d1c                Error_Status
 *fill*         0x24003d1d        0x3 
 .bss.Meas_Step
                0x24003d20        0x4 build/sr5e1/steval_ttm007a/core1/Debug/src/main.o
                0x24003d20                Meas_Step
 .bss.Meas_Step_Copy
                0x24003d24        0x4 build/sr5e1/steval_ttm007a/core1/Debug/src/main.o
                0x24003d24                Meas_Step_Copy
 .bss.Meas_Step_Bit
                0x24003d28        0x4 build/sr5e1/steval_ttm007a/core1/Debug/src/main.o
                0x24003d28                Meas_Step_Bit
 .bss.Revolutions
                0x24003d2c        0x4 build/sr5e1/steval_ttm007a/core1/Debug/src/main.o
                0x24003d2c                Revolutions
 .bss.Enc_Model
                0x24003d30        0x4 build/sr5e1/steval_ttm007a/core1/Debug/src/main.o
                0x24003d30                Enc_Model
 *fill*         0x24003d34        0x4 
 .bss.Enc_Position
                0x24003d38        0x8 build/sr5e1/steval_ttm007a/core1/Debug/src/main.o
                0x24003d38                Enc_Position
 .bss.Pos_Final
                0x24003d40        0x4 build/sr5e1/steval_ttm007a/core1/Debug/src/main.o
                0x24003d40                Pos_Final
 .bss.dma       0x24003d44       0x84 build/sr5e1/steval_ttm007a/core1/Debug/Modules/Drivers/System/DMA/src/dma.o
 .bss.DRV_UART1
                0x24003dc8       0x98 build/sr5e1/steval_ttm007a/core1/Debug/Modules/Drivers/Comms/UART/src/sr5e1/uart_instances.o
                0x24003dc8                DRV_UART1
 .bss.DRV_UART2
                0x24003e60       0x98 build/sr5e1/steval_ttm007a/core1/Debug/Modules/Drivers/Comms/UART/src/sr5e1/uart_instances.o
                0x24003e60                DRV_UART2
 .bss.DRV_UART3
                0x24003ef8       0x98 build/sr5e1/steval_ttm007a/core1/Debug/Modules/Drivers/Comms/UART/src/sr5e1/uart_instances.o
                0x24003ef8                DRV_UART3
 .bss.DRV_SYSTICK
                0x24003f90       0x18 build/sr5e1/steval_ttm007a/core1/Debug/Modules/Drivers/Timers/SYSTICK/src/systick.o
                0x24003f90                DRV_SYSTICK
 *(.gnu.linkonce.b.*)
 *(COMMON)
                [!provide]                PROVIDE (__bss_end__ = .)

.mstack         0x24003fa8     0x1000
                0x24003fa8                . = ALIGN (0x8)
                0x24003fa8                __main_stack_base__ = .
                0x24004fa8                . = (. + 0x1000)
 *fill*         0x24003fa8     0x1000 
                0x24004fa8                . = ALIGN (0x8)
                0x24004fa8                __main_stack_end__ = .

.pstack         0x24004fa8     0x1000
                0x24004fa8                __process_stack_base__ = .
                0x24004fa8                __main_thread_stack_base__ = .
                0x24005fa8                . = (. + 0x1000)
 *fill*         0x24004fa8     0x1000 
                0x24005fa8                . = ALIGN (0x8)
                0x24005fa8                __process_stack_end__ = .
                0x24005fa8                __main_thread_stack_end__ = .
                0x24005fb0                . = ALIGN (0x10)
                0x24005fb0                __heap_base__ = .
                0x24020000                __heap_end__ = (ORIGIN (core1_ram) + LENGTH (core1_ram))
                0x24003d00                __mem_start__ = __bss_start__
                0x24020000                __mem_end__ = __heap_end__
LOAD build/sr5e1/steval_ttm007a/core1/Debug/Projects/SDKTests/CommonBuild/src/test_env.o
LOAD build/sr5e1/steval_ttm007a/core1/Debug/src/main.o
LOAD build/sr5e1/steval_ttm007a/core1/Debug/cfg/uart_cfg.o
LOAD build/sr5e1/steval_ttm007a/core1/Debug/Modules/Boot/src/crt1.o
LOAD build/sr5e1/steval_ttm007a/core1/Debug/Modules/Platform/Clock/src/sr5e1/clock.o
LOAD build/sr5e1/steval_ttm007a/core1/Debug/Modules/Platform/IRQ/src/sr5e1/irq.o
LOAD build/sr5e1/steval_ttm007a/core1/Debug/Modules/Drivers/System/DMA/src/dma.o
LOAD build/sr5e1/steval_ttm007a/core1/Debug/Modules/Drivers/System/GPIO/src/gpio.o
LOAD build/sr5e1/steval_ttm007a/core1/Debug/Modules/Drivers/System/GPIO/src/sr5e1/gpio_dev.o
LOAD build/sr5e1/steval_ttm007a/core1/Debug/Modules/Drivers/Comms/UART/src/uart.o
LOAD build/sr5e1/steval_ttm007a/core1/Debug/Modules/Drivers/Comms/UART/src/sr5e1/uart_instances.o
LOAD build/sr5e1/steval_ttm007a/core1/Debug/Modules/Drivers/Comms/UART/src/sr5e1/uart_dev.o
LOAD build/sr5e1/steval_ttm007a/core1/Debug/Modules/Drivers/Timers/SYSTICK/src/systick.o
LOAD build/sr5e1/steval_ttm007a/core1/Debug/Modules/OS/OSAL/src/osal.o
LOAD build/sr5e1/steval_ttm007a/core1/Debug/Modules/Boot/src/GCC/crt0.o
LOAD build/sr5e1/steval_ttm007a/core1/Debug/Modules/Boot/src/GCC/vectors.o
START GROUP
LOAD c:/stellarstudio-7.1/sdks/tools-1.4.0/toolchain/arm/mingw64_nt/10.3-2021.10/bin/../lib/gcc/arm-none-eabi/10.3.1/thumb/v7e-m+dp/hard\libgcc.a
LOAD c:/stellarstudio-7.1/sdks/tools-1.4.0/toolchain/arm/mingw64_nt/10.3-2021.10/bin/../lib/gcc/arm-none-eabi/10.3.1/../../../../arm-none-eabi/lib/thumb/v7e-m+dp/hard\libg.a
LOAD c:/stellarstudio-7.1/sdks/tools-1.4.0/toolchain/arm/mingw64_nt/10.3-2021.10/bin/../lib/gcc/arm-none-eabi/10.3.1/../../../../arm-none-eabi/lib/thumb/v7e-m+dp/hard\libc.a
END GROUP
START GROUP
LOAD c:/stellarstudio-7.1/sdks/tools-1.4.0/toolchain/arm/mingw64_nt/10.3-2021.10/bin/../lib/gcc/arm-none-eabi/10.3.1/thumb/v7e-m+dp/hard\libgcc.a
LOAD c:/stellarstudio-7.1/sdks/tools-1.4.0/toolchain/arm/mingw64_nt/10.3-2021.10/bin/../lib/gcc/arm-none-eabi/10.3.1/../../../../arm-none-eabi/lib/thumb/v7e-m+dp/hard\libc.a
LOAD c:/stellarstudio-7.1/sdks/tools-1.4.0/toolchain/arm/mingw64_nt/10.3-2021.10/bin/../lib/gcc/arm-none-eabi/10.3.1/../../../../arm-none-eabi/lib/thumb/v7e-m+dp/hard\libnosys.a
END GROUP
OUTPUT(build/sr5e1/steval_ttm007a/core1/Debug/Endat.elf elf32-littlearm)
LOAD linker stubs

.debug_info     0x00000000     0x8fb0
 .debug_info    0x00000000      0x77b build/sr5e1/steval_ttm007a/core1/Debug/Projects/SDKTests/CommonBuild/src/test_env.o
 .debug_info    0x0000077b      0x847 build/sr5e1/steval_ttm007a/core1/Debug/src/main.o
 .debug_info    0x00000fc2      0x24a build/sr5e1/steval_ttm007a/core1/Debug/cfg/uart_cfg.o
 .debug_info    0x0000120c      0x53d build/sr5e1/steval_ttm007a/core1/Debug/Modules/Boot/src/crt1.o
 .debug_info    0x00001749      0x8d3 build/sr5e1/steval_ttm007a/core1/Debug/Modules/Platform/Clock/src/sr5e1/clock.o
 .debug_info    0x0000201c     0x1619 build/sr5e1/steval_ttm007a/core1/Debug/Modules/Drivers/System/DMA/src/dma.o
 .debug_info    0x00003635       0x89 build/sr5e1/steval_ttm007a/core1/Debug/Modules/Drivers/System/GPIO/src/gpio.o
 .debug_info    0x000036be      0x68b build/sr5e1/steval_ttm007a/core1/Debug/Modules/Drivers/System/GPIO/src/sr5e1/gpio_dev.o
 .debug_info    0x00003d49     0x1ec8 build/sr5e1/steval_ttm007a/core1/Debug/Modules/Drivers/Comms/UART/src/uart.o
 .debug_info    0x00005c11      0xbc1 build/sr5e1/steval_ttm007a/core1/Debug/Modules/Drivers/Comms/UART/src/sr5e1/uart_instances.o
 .debug_info    0x000067d2     0x1424 build/sr5e1/steval_ttm007a/core1/Debug/Modules/Drivers/Comms/UART/src/sr5e1/uart_dev.o
 .debug_info    0x00007bf6      0xf0d build/sr5e1/steval_ttm007a/core1/Debug/Modules/Drivers/Timers/SYSTICK/src/systick.o
 .debug_info    0x00008b03      0x461 build/sr5e1/steval_ttm007a/core1/Debug/Modules/OS/OSAL/src/osal.o
 .debug_info    0x00008f64       0x26 build/sr5e1/steval_ttm007a/core1/Debug/Modules/Boot/src/GCC/crt0.o
 .debug_info    0x00008f8a       0x26 build/sr5e1/steval_ttm007a/core1/Debug/Modules/Boot/src/GCC/vectors.o

.debug_abbrev   0x00000000     0x16f9
 .debug_abbrev  0x00000000      0x193 build/sr5e1/steval_ttm007a/core1/Debug/Projects/SDKTests/CommonBuild/src/test_env.o
 .debug_abbrev  0x00000193      0x235 build/sr5e1/steval_ttm007a/core1/Debug/src/main.o
 .debug_abbrev  0x000003c8       0xa9 build/sr5e1/steval_ttm007a/core1/Debug/cfg/uart_cfg.o
 .debug_abbrev  0x00000471      0x146 build/sr5e1/steval_ttm007a/core1/Debug/Modules/Boot/src/crt1.o
 .debug_abbrev  0x000005b7      0x182 build/sr5e1/steval_ttm007a/core1/Debug/Modules/Platform/Clock/src/sr5e1/clock.o
 .debug_abbrev  0x00000739      0x35d build/sr5e1/steval_ttm007a/core1/Debug/Modules/Drivers/System/DMA/src/dma.o
 .debug_abbrev  0x00000a96       0x49 build/sr5e1/steval_ttm007a/core1/Debug/Modules/Drivers/System/GPIO/src/gpio.o
 .debug_abbrev  0x00000adf      0x112 build/sr5e1/steval_ttm007a/core1/Debug/Modules/Drivers/System/GPIO/src/sr5e1/gpio_dev.o
 .debug_abbrev  0x00000bf1      0x318 build/sr5e1/steval_ttm007a/core1/Debug/Modules/Drivers/Comms/UART/src/uart.o
 .debug_abbrev  0x00000f09      0x10c build/sr5e1/steval_ttm007a/core1/Debug/Modules/Drivers/Comms/UART/src/sr5e1/uart_instances.o
 .debug_abbrev  0x00001015      0x241 build/sr5e1/steval_ttm007a/core1/Debug/Modules/Drivers/Comms/UART/src/sr5e1/uart_dev.o
 .debug_abbrev  0x00001256      0x2af build/sr5e1/steval_ttm007a/core1/Debug/Modules/Drivers/Timers/SYSTICK/src/systick.o
 .debug_abbrev  0x00001505      0x1cc build/sr5e1/steval_ttm007a/core1/Debug/Modules/OS/OSAL/src/osal.o
 .debug_abbrev  0x000016d1       0x14 build/sr5e1/steval_ttm007a/core1/Debug/Modules/Boot/src/GCC/crt0.o
 .debug_abbrev  0x000016e5       0x14 build/sr5e1/steval_ttm007a/core1/Debug/Modules/Boot/src/GCC/vectors.o

.debug_aranges  0x00000000      0x6b0
 .debug_aranges
                0x00000000       0x78 build/sr5e1/steval_ttm007a/core1/Debug/Projects/SDKTests/CommonBuild/src/test_env.o
 .debug_aranges
                0x00000078       0x58 build/sr5e1/steval_ttm007a/core1/Debug/src/main.o
 .debug_aranges
                0x000000d0       0x20 build/sr5e1/steval_ttm007a/core1/Debug/cfg/uart_cfg.o
 .debug_aranges
                0x000000f0       0x38 build/sr5e1/steval_ttm007a/core1/Debug/Modules/Boot/src/crt1.o
 .debug_aranges
                0x00000128       0x28 build/sr5e1/steval_ttm007a/core1/Debug/Modules/Platform/Clock/src/sr5e1/clock.o
 .debug_aranges
                0x00000150       0xf8 build/sr5e1/steval_ttm007a/core1/Debug/Modules/Drivers/System/DMA/src/dma.o
 .debug_aranges
                0x00000248       0x20 build/sr5e1/steval_ttm007a/core1/Debug/Modules/Drivers/System/GPIO/src/gpio.o
 .debug_aranges
                0x00000268       0x28 build/sr5e1/steval_ttm007a/core1/Debug/Modules/Drivers/System/GPIO/src/sr5e1/gpio_dev.o
 .debug_aranges
                0x00000290      0x1e8 build/sr5e1/steval_ttm007a/core1/Debug/Modules/Drivers/Comms/UART/src/uart.o
 .debug_aranges
                0x00000478       0x18 build/sr5e1/steval_ttm007a/core1/Debug/Modules/Drivers/Comms/UART/src/sr5e1/uart_instances.o
 .debug_aranges
                0x00000490       0x68 build/sr5e1/steval_ttm007a/core1/Debug/Modules/Drivers/Comms/UART/src/sr5e1/uart_dev.o
 .debug_aranges
                0x000004f8       0xc8 build/sr5e1/steval_ttm007a/core1/Debug/Modules/Drivers/Timers/SYSTICK/src/systick.o
 .debug_aranges
                0x000005c0       0xb0 build/sr5e1/steval_ttm007a/core1/Debug/Modules/OS/OSAL/src/osal.o
 .debug_aranges
                0x00000670       0x20 build/sr5e1/steval_ttm007a/core1/Debug/Modules/Boot/src/GCC/crt0.o
 .debug_aranges
                0x00000690       0x20 build/sr5e1/steval_ttm007a/core1/Debug/Modules/Boot/src/GCC/vectors.o

.debug_ranges   0x00000000      0x598
 .debug_ranges  0x00000000       0x68 build/sr5e1/steval_ttm007a/core1/Debug/Projects/SDKTests/CommonBuild/src/test_env.o
 .debug_ranges  0x00000068       0x48 build/sr5e1/steval_ttm007a/core1/Debug/src/main.o
 .debug_ranges  0x000000b0       0x10 build/sr5e1/steval_ttm007a/core1/Debug/cfg/uart_cfg.o
 .debug_ranges  0x000000c0       0x28 build/sr5e1/steval_ttm007a/core1/Debug/Modules/Boot/src/crt1.o
 .debug_ranges  0x000000e8       0x18 build/sr5e1/steval_ttm007a/core1/Debug/Modules/Platform/Clock/src/sr5e1/clock.o
 .debug_ranges  0x00000100       0xe8 build/sr5e1/steval_ttm007a/core1/Debug/Modules/Drivers/System/DMA/src/dma.o
 .debug_ranges  0x000001e8       0x10 build/sr5e1/steval_ttm007a/core1/Debug/Modules/Drivers/System/GPIO/src/gpio.o
 .debug_ranges  0x000001f8       0x18 build/sr5e1/steval_ttm007a/core1/Debug/Modules/Drivers/System/GPIO/src/sr5e1/gpio_dev.o
 .debug_ranges  0x00000210      0x1d8 build/sr5e1/steval_ttm007a/core1/Debug/Modules/Drivers/Comms/UART/src/uart.o
 .debug_ranges  0x000003e8       0x58 build/sr5e1/steval_ttm007a/core1/Debug/Modules/Drivers/Comms/UART/src/sr5e1/uart_dev.o
 .debug_ranges  0x00000440       0xb8 build/sr5e1/steval_ttm007a/core1/Debug/Modules/Drivers/Timers/SYSTICK/src/systick.o
 .debug_ranges  0x000004f8       0xa0 build/sr5e1/steval_ttm007a/core1/Debug/Modules/OS/OSAL/src/osal.o

.debug_macro    0x00000000    0x230ed
 .debug_macro   0x00000000      0x2d2 build/sr5e1/steval_ttm007a/core1/Debug/Projects/SDKTests/CommonBuild/src/test_env.o
 .debug_macro   0x000002d2      0xac6 build/sr5e1/steval_ttm007a/core1/Debug/Projects/SDKTests/CommonBuild/src/test_env.o
 .debug_macro   0x00000d98       0x22 build/sr5e1/steval_ttm007a/core1/Debug/Projects/SDKTests/CommonBuild/src/test_env.o
 .debug_macro   0x00000dba      0x16d build/sr5e1/steval_ttm007a/core1/Debug/Projects/SDKTests/CommonBuild/src/test_env.o
 .debug_macro   0x00000f27       0x22 build/sr5e1/steval_ttm007a/core1/Debug/Projects/SDKTests/CommonBuild/src/test_env.o
 .debug_macro   0x00000f49       0x8e build/sr5e1/steval_ttm007a/core1/Debug/Projects/SDKTests/CommonBuild/src/test_env.o
 .debug_macro   0x00000fd7       0x51 build/sr5e1/steval_ttm007a/core1/Debug/Projects/SDKTests/CommonBuild/src/test_env.o
 .debug_macro   0x00001028      0x103 build/sr5e1/steval_ttm007a/core1/Debug/Projects/SDKTests/CommonBuild/src/test_env.o
 .debug_macro   0x0000112b       0x6a build/sr5e1/steval_ttm007a/core1/Debug/Projects/SDKTests/CommonBuild/src/test_env.o
 .debug_macro   0x00001195      0x1df build/sr5e1/steval_ttm007a/core1/Debug/Projects/SDKTests/CommonBuild/src/test_env.o
 .debug_macro   0x00001374       0x10 build/sr5e1/steval_ttm007a/core1/Debug/Projects/SDKTests/CommonBuild/src/test_env.o
 .debug_macro   0x00001384       0xd0 build/sr5e1/steval_ttm007a/core1/Debug/Projects/SDKTests/CommonBuild/src/test_env.o
 .debug_macro   0x00001454       0x34 build/sr5e1/steval_ttm007a/core1/Debug/Projects/SDKTests/CommonBuild/src/test_env.o
 .debug_macro   0x00001488       0x1c build/sr5e1/steval_ttm007a/core1/Debug/Projects/SDKTests/CommonBuild/src/test_env.o
 .debug_macro   0x000014a4       0x22 build/sr5e1/steval_ttm007a/core1/Debug/Projects/SDKTests/CommonBuild/src/test_env.o
 .debug_macro   0x000014c6       0xfb build/sr5e1/steval_ttm007a/core1/Debug/Projects/SDKTests/CommonBuild/src/test_env.o
 .debug_macro   0x000015c1     0x1313 build/sr5e1/steval_ttm007a/core1/Debug/Projects/SDKTests/CommonBuild/src/test_env.o
 .debug_macro   0x000028d4      0x11f build/sr5e1/steval_ttm007a/core1/Debug/Projects/SDKTests/CommonBuild/src/test_env.o
 .debug_macro   0x000029f3       0x22 build/sr5e1/steval_ttm007a/core1/Debug/Projects/SDKTests/CommonBuild/src/test_env.o
 .debug_macro   0x00002a15     0x19b4 build/sr5e1/steval_ttm007a/core1/Debug/Projects/SDKTests/CommonBuild/src/test_env.o
 .debug_macro   0x000043c9      0x19b build/sr5e1/steval_ttm007a/core1/Debug/Projects/SDKTests/CommonBuild/src/test_env.o
 .debug_macro   0x00004564      0x142 build/sr5e1/steval_ttm007a/core1/Debug/Projects/SDKTests/CommonBuild/src/test_env.o
 .debug_macro   0x000046a6      0x148 build/sr5e1/steval_ttm007a/core1/Debug/Projects/SDKTests/CommonBuild/src/test_env.o
 .debug_macro   0x000047ee      0x142 build/sr5e1/steval_ttm007a/core1/Debug/Projects/SDKTests/CommonBuild/src/test_env.o
 .debug_macro   0x00004930       0xbe build/sr5e1/steval_ttm007a/core1/Debug/Projects/SDKTests/CommonBuild/src/test_env.o
 .debug_macro   0x000049ee      0x7a6 build/sr5e1/steval_ttm007a/core1/Debug/Projects/SDKTests/CommonBuild/src/test_env.o
 .debug_macro   0x00005194      0x76f build/sr5e1/steval_ttm007a/core1/Debug/Projects/SDKTests/CommonBuild/src/test_env.o
 .debug_macro   0x00005903      0xa71 build/sr5e1/steval_ttm007a/core1/Debug/Projects/SDKTests/CommonBuild/src/test_env.o
 .debug_macro   0x00006374      0x63d build/sr5e1/steval_ttm007a/core1/Debug/Projects/SDKTests/CommonBuild/src/test_env.o
 .debug_macro   0x000069b1      0xdbf build/sr5e1/steval_ttm007a/core1/Debug/Projects/SDKTests/CommonBuild/src/test_env.o
 .debug_macro   0x00007770      0x4bd build/sr5e1/steval_ttm007a/core1/Debug/Projects/SDKTests/CommonBuild/src/test_env.o
 .debug_macro   0x00007c2d     0x33d0 build/sr5e1/steval_ttm007a/core1/Debug/Projects/SDKTests/CommonBuild/src/test_env.o
 .debug_macro   0x0000affd     0x22eb build/sr5e1/steval_ttm007a/core1/Debug/Projects/SDKTests/CommonBuild/src/test_env.o
 .debug_macro   0x0000d2e8     0x1667 build/sr5e1/steval_ttm007a/core1/Debug/Projects/SDKTests/CommonBuild/src/test_env.o
 .debug_macro   0x0000e94f     0x5e43 build/sr5e1/steval_ttm007a/core1/Debug/Projects/SDKTests/CommonBuild/src/test_env.o
 .debug_macro   0x00014792     0x2006 build/sr5e1/steval_ttm007a/core1/Debug/Projects/SDKTests/CommonBuild/src/test_env.o
 .debug_macro   0x00016798      0x657 build/sr5e1/steval_ttm007a/core1/Debug/Projects/SDKTests/CommonBuild/src/test_env.o
 .debug_macro   0x00016def      0x15e build/sr5e1/steval_ttm007a/core1/Debug/Projects/SDKTests/CommonBuild/src/test_env.o
 .debug_macro   0x00016f4d       0xb2 build/sr5e1/steval_ttm007a/core1/Debug/Projects/SDKTests/CommonBuild/src/test_env.o
 .debug_macro   0x00016fff     0x14c4 build/sr5e1/steval_ttm007a/core1/Debug/Projects/SDKTests/CommonBuild/src/test_env.o
 .debug_macro   0x000184c3      0x2f2 build/sr5e1/steval_ttm007a/core1/Debug/Projects/SDKTests/CommonBuild/src/test_env.o
 .debug_macro   0x000187b5      0x190 build/sr5e1/steval_ttm007a/core1/Debug/Projects/SDKTests/CommonBuild/src/test_env.o
 .debug_macro   0x00018945      0xf4d build/sr5e1/steval_ttm007a/core1/Debug/Projects/SDKTests/CommonBuild/src/test_env.o
 .debug_macro   0x00019892       0x6a build/sr5e1/steval_ttm007a/core1/Debug/Projects/SDKTests/CommonBuild/src/test_env.o
 .debug_macro   0x000198fc     0x2258 build/sr5e1/steval_ttm007a/core1/Debug/Projects/SDKTests/CommonBuild/src/test_env.o
 .debug_macro   0x0001bb54      0x547 build/sr5e1/steval_ttm007a/core1/Debug/Projects/SDKTests/CommonBuild/src/test_env.o
 .debug_macro   0x0001c09b      0x457 build/sr5e1/steval_ttm007a/core1/Debug/Projects/SDKTests/CommonBuild/src/test_env.o
 .debug_macro   0x0001c4f2      0x273 build/sr5e1/steval_ttm007a/core1/Debug/Projects/SDKTests/CommonBuild/src/test_env.o
 .debug_macro   0x0001c765      0x52b build/sr5e1/steval_ttm007a/core1/Debug/Projects/SDKTests/CommonBuild/src/test_env.o
 .debug_macro   0x0001cc90      0x136 build/sr5e1/steval_ttm007a/core1/Debug/Projects/SDKTests/CommonBuild/src/test_env.o
 .debug_macro   0x0001cdc6      0x2b8 build/sr5e1/steval_ttm007a/core1/Debug/Projects/SDKTests/CommonBuild/src/test_env.o
 .debug_macro   0x0001d07e      0x626 build/sr5e1/steval_ttm007a/core1/Debug/Projects/SDKTests/CommonBuild/src/test_env.o
 .debug_macro   0x0001d6a4     0x1637 build/sr5e1/steval_ttm007a/core1/Debug/Projects/SDKTests/CommonBuild/src/test_env.o
 .debug_macro   0x0001ecdb      0xad5 build/sr5e1/steval_ttm007a/core1/Debug/Projects/SDKTests/CommonBuild/src/test_env.o
 .debug_macro   0x0001f7b0       0xf4 build/sr5e1/steval_ttm007a/core1/Debug/Projects/SDKTests/CommonBuild/src/test_env.o
 .debug_macro   0x0001f8a4      0x58a build/sr5e1/steval_ttm007a/core1/Debug/Projects/SDKTests/CommonBuild/src/test_env.o
 .debug_macro   0x0001fe2e       0x34 build/sr5e1/steval_ttm007a/core1/Debug/Projects/SDKTests/CommonBuild/src/test_env.o
 .debug_macro   0x0001fe62      0x4a5 build/sr5e1/steval_ttm007a/core1/Debug/Projects/SDKTests/CommonBuild/src/test_env.o
 .debug_macro   0x00020307      0x201 build/sr5e1/steval_ttm007a/core1/Debug/Projects/SDKTests/CommonBuild/src/test_env.o
 .debug_macro   0x00020508       0x8e build/sr5e1/steval_ttm007a/core1/Debug/Projects/SDKTests/CommonBuild/src/test_env.o
 .debug_macro   0x00020596       0x10 build/sr5e1/steval_ttm007a/core1/Debug/Projects/SDKTests/CommonBuild/src/test_env.o
 .debug_macro   0x000205a6       0x1c build/sr5e1/steval_ttm007a/core1/Debug/Projects/SDKTests/CommonBuild/src/test_env.o
 .debug_macro   0x000205c2      0x2b0 build/sr5e1/steval_ttm007a/core1/Debug/Projects/SDKTests/CommonBuild/src/test_env.o
 .debug_macro   0x00020872      0x31b build/sr5e1/steval_ttm007a/core1/Debug/src/main.o
 .debug_macro   0x00020b8d      0x2a4 build/sr5e1/steval_ttm007a/core1/Debug/cfg/uart_cfg.o
 .debug_macro   0x00020e31      0x281 build/sr5e1/steval_ttm007a/core1/Debug/Modules/Boot/src/crt1.o
 .debug_macro   0x000210b2       0x22 build/sr5e1/steval_ttm007a/core1/Debug/Modules/Boot/src/crt1.o
 .debug_macro   0x000210d4       0x64 build/sr5e1/steval_ttm007a/core1/Debug/Modules/Boot/src/crt1.o
 .debug_macro   0x00021138      0x290 build/sr5e1/steval_ttm007a/core1/Debug/Modules/Platform/Clock/src/sr5e1/clock.o
 .debug_macro   0x000213c8      0x2c1 build/sr5e1/steval_ttm007a/core1/Debug/Modules/Drivers/System/DMA/src/dma.o
 .debug_macro   0x00021689      0x2eb build/sr5e1/steval_ttm007a/core1/Debug/Modules/Drivers/System/DMA/src/dma.o
 .debug_macro   0x00021974      0x1ec build/sr5e1/steval_ttm007a/core1/Debug/Modules/Drivers/System/DMA/src/dma.o
 .debug_macro   0x00021b60      0x292 build/sr5e1/steval_ttm007a/core1/Debug/Modules/Drivers/System/GPIO/src/gpio.o
 .debug_macro   0x00021df2      0x1fb build/sr5e1/steval_ttm007a/core1/Debug/Modules/Drivers/System/GPIO/src/gpio.o
 .debug_macro   0x00021fed      0x292 build/sr5e1/steval_ttm007a/core1/Debug/Modules/Drivers/System/GPIO/src/sr5e1/gpio_dev.o
 .debug_macro   0x0002227f      0x301 build/sr5e1/steval_ttm007a/core1/Debug/Modules/Drivers/Comms/UART/src/uart.o
 .debug_macro   0x00022580      0x2dd build/sr5e1/steval_ttm007a/core1/Debug/Modules/Drivers/Comms/UART/src/sr5e1/uart_instances.o
 .debug_macro   0x0002285d      0x2dd build/sr5e1/steval_ttm007a/core1/Debug/Modules/Drivers/Comms/UART/src/sr5e1/uart_dev.o
 .debug_macro   0x00022b3a      0x2b3 build/sr5e1/steval_ttm007a/core1/Debug/Modules/Drivers/Timers/SYSTICK/src/systick.o
 .debug_macro   0x00022ded      0x2e4 build/sr5e1/steval_ttm007a/core1/Debug/Modules/OS/OSAL/src/osal.o
 .debug_macro   0x000230d1       0x1c build/sr5e1/steval_ttm007a/core1/Debug/Modules/OS/OSAL/src/osal.o

.debug_line     0x00000000     0x9206
 .debug_line    0x00000000      0xb33 build/sr5e1/steval_ttm007a/core1/Debug/Projects/SDKTests/CommonBuild/src/test_env.o
 .debug_line    0x00000b33      0xeec build/sr5e1/steval_ttm007a/core1/Debug/src/main.o
 .debug_line    0x00001a1f      0x791 build/sr5e1/steval_ttm007a/core1/Debug/cfg/uart_cfg.o
 .debug_line    0x000021b0      0x78b build/sr5e1/steval_ttm007a/core1/Debug/Modules/Boot/src/crt1.o
 .debug_line    0x0000293b      0x8c1 build/sr5e1/steval_ttm007a/core1/Debug/Modules/Platform/Clock/src/sr5e1/clock.o
 .debug_line    0x000031fc      0xd61 build/sr5e1/steval_ttm007a/core1/Debug/Modules/Drivers/System/DMA/src/dma.o
 .debug_line    0x00003f5d      0x763 build/sr5e1/steval_ttm007a/core1/Debug/Modules/Drivers/System/GPIO/src/gpio.o
 .debug_line    0x000046c0      0x79f build/sr5e1/steval_ttm007a/core1/Debug/Modules/Drivers/System/GPIO/src/sr5e1/gpio_dev.o
 .debug_line    0x00004e5f     0x1862 build/sr5e1/steval_ttm007a/core1/Debug/Modules/Drivers/Comms/UART/src/uart.o
 .debug_line    0x000066c1      0x8e6 build/sr5e1/steval_ttm007a/core1/Debug/Modules/Drivers/Comms/UART/src/sr5e1/uart_instances.o
 .debug_line    0x00006fa7      0xb05 build/sr5e1/steval_ttm007a/core1/Debug/Modules/Drivers/Comms/UART/src/sr5e1/uart_dev.o
 .debug_line    0x00007aac      0xbc2 build/sr5e1/steval_ttm007a/core1/Debug/Modules/Drivers/Timers/SYSTICK/src/systick.o
 .debug_line    0x0000866e      0xa0c build/sr5e1/steval_ttm007a/core1/Debug/Modules/OS/OSAL/src/osal.o
 .debug_line    0x0000907a      0x10c build/sr5e1/steval_ttm007a/core1/Debug/Modules/Boot/src/GCC/crt0.o
 .debug_line    0x00009186       0x80 build/sr5e1/steval_ttm007a/core1/Debug/Modules/Boot/src/GCC/vectors.o

.debug_str      0x00000000    0xd12fd
 .debug_str     0x00000000    0xcd941 build/sr5e1/steval_ttm007a/core1/Debug/Projects/SDKTests/CommonBuild/src/test_env.o
                              0xcdb2a (size before relaxing)
 .debug_str     0x000cd941      0x3b9 build/sr5e1/steval_ttm007a/core1/Debug/src/main.o
                              0xcdb49 (size before relaxing)
 .debug_str     0x000cdcfa      0x402 build/sr5e1/steval_ttm007a/core1/Debug/cfg/uart_cfg.o
                              0xc795e (size before relaxing)
 .debug_str     0x000ce0fc      0x245 build/sr5e1/steval_ttm007a/core1/Debug/Modules/Boot/src/crt1.o
                              0xc7546 (size before relaxing)
 .debug_str     0x000ce341      0x4cd build/sr5e1/steval_ttm007a/core1/Debug/Modules/Platform/Clock/src/sr5e1/clock.o
                              0xc9485 (size before relaxing)
 .debug_str     0x000ce80e     0x16a7 build/sr5e1/steval_ttm007a/core1/Debug/Modules/Drivers/System/DMA/src/dma.o
                              0xcb425 (size before relaxing)
 .debug_str     0x000cfeb5       0x5d build/sr5e1/steval_ttm007a/core1/Debug/Modules/Drivers/System/GPIO/src/gpio.o
                              0xc7e35 (size before relaxing)
 .debug_str     0x000cff12       0x85 build/sr5e1/steval_ttm007a/core1/Debug/Modules/Drivers/System/GPIO/src/sr5e1/gpio_dev.o
                              0xc825c (size before relaxing)
 .debug_str     0x000cff97      0xc08 build/sr5e1/steval_ttm007a/core1/Debug/Modules/Drivers/Comms/UART/src/uart.o
                              0xcbfdc (size before relaxing)
 .debug_str     0x000d0b9f       0x76 build/sr5e1/steval_ttm007a/core1/Debug/Modules/Drivers/Comms/UART/src/sr5e1/uart_instances.o
                              0xcb581 (size before relaxing)
 .debug_str     0x000d0c15      0x19a build/sr5e1/steval_ttm007a/core1/Debug/Modules/Drivers/Comms/UART/src/sr5e1/uart_dev.o
                              0xcba44 (size before relaxing)
 .debug_str     0x000d0daf      0x265 build/sr5e1/steval_ttm007a/core1/Debug/Modules/Drivers/Timers/SYSTICK/src/systick.o
                              0xc9d6a (size before relaxing)
 .debug_str     0x000d1014      0x248 build/sr5e1/steval_ttm007a/core1/Debug/Modules/OS/OSAL/src/osal.o
                              0xc94e8 (size before relaxing)
 .debug_str     0x000d125c       0x56 build/sr5e1/steval_ttm007a/core1/Debug/Modules/Boot/src/GCC/crt0.o
                                 0x7b (size before relaxing)
 .debug_str     0x000d12b2       0x4b build/sr5e1/steval_ttm007a/core1/Debug/Modules/Boot/src/GCC/vectors.o
                                 0x7e (size before relaxing)

.comment        0x00000000       0x49
 .comment       0x00000000       0x49 build/sr5e1/steval_ttm007a/core1/Debug/Projects/SDKTests/CommonBuild/src/test_env.o
                                 0x4a (size before relaxing)
 .comment       0x00000049       0x4a build/sr5e1/steval_ttm007a/core1/Debug/src/main.o
 .comment       0x00000049       0x4a build/sr5e1/steval_ttm007a/core1/Debug/cfg/uart_cfg.o
 .comment       0x00000049       0x4a build/sr5e1/steval_ttm007a/core1/Debug/Modules/Boot/src/crt1.o
 .comment       0x00000049       0x4a build/sr5e1/steval_ttm007a/core1/Debug/Modules/Platform/Clock/src/sr5e1/clock.o
 .comment       0x00000049       0x4a build/sr5e1/steval_ttm007a/core1/Debug/Modules/Drivers/System/DMA/src/dma.o
 .comment       0x00000049       0x4a build/sr5e1/steval_ttm007a/core1/Debug/Modules/Drivers/System/GPIO/src/gpio.o
 .comment       0x00000049       0x4a build/sr5e1/steval_ttm007a/core1/Debug/Modules/Drivers/System/GPIO/src/sr5e1/gpio_dev.o
 .comment       0x00000049       0x4a build/sr5e1/steval_ttm007a/core1/Debug/Modules/Drivers/Comms/UART/src/uart.o
 .comment       0x00000049       0x4a build/sr5e1/steval_ttm007a/core1/Debug/Modules/Drivers/Comms/UART/src/sr5e1/uart_instances.o
 .comment       0x00000049       0x4a build/sr5e1/steval_ttm007a/core1/Debug/Modules/Drivers/Comms/UART/src/sr5e1/uart_dev.o
 .comment       0x00000049       0x4a build/sr5e1/steval_ttm007a/core1/Debug/Modules/Drivers/Timers/SYSTICK/src/systick.o
 .comment       0x00000049       0x4a build/sr5e1/steval_ttm007a/core1/Debug/Modules/OS/OSAL/src/osal.o

.ARM.attributes
                0x00000000       0x30
 .ARM.attributes
                0x00000000       0x32 build/sr5e1/steval_ttm007a/core1/Debug/Projects/SDKTests/CommonBuild/src/test_env.o
 .ARM.attributes
                0x00000032       0x32 build/sr5e1/steval_ttm007a/core1/Debug/src/main.o
 .ARM.attributes
                0x00000064       0x32 build/sr5e1/steval_ttm007a/core1/Debug/cfg/uart_cfg.o
 .ARM.attributes
                0x00000096       0x32 build/sr5e1/steval_ttm007a/core1/Debug/Modules/Boot/src/crt1.o
 .ARM.attributes
                0x000000c8       0x32 build/sr5e1/steval_ttm007a/core1/Debug/Modules/Platform/Clock/src/sr5e1/clock.o
 .ARM.attributes
                0x000000fa       0x32 build/sr5e1/steval_ttm007a/core1/Debug/Modules/Drivers/System/DMA/src/dma.o
 .ARM.attributes
                0x0000012c       0x32 build/sr5e1/steval_ttm007a/core1/Debug/Modules/Drivers/System/GPIO/src/gpio.o
 .ARM.attributes
                0x0000015e       0x32 build/sr5e1/steval_ttm007a/core1/Debug/Modules/Drivers/System/GPIO/src/sr5e1/gpio_dev.o
 .ARM.attributes
                0x00000190       0x32 build/sr5e1/steval_ttm007a/core1/Debug/Modules/Drivers/Comms/UART/src/uart.o
 .ARM.attributes
                0x000001c2       0x32 build/sr5e1/steval_ttm007a/core1/Debug/Modules/Drivers/Comms/UART/src/sr5e1/uart_instances.o
 .ARM.attributes
                0x000001f4       0x32 build/sr5e1/steval_ttm007a/core1/Debug/Modules/Drivers/Comms/UART/src/sr5e1/uart_dev.o
 .ARM.attributes
                0x00000226       0x32 build/sr5e1/steval_ttm007a/core1/Debug/Modules/Drivers/Timers/SYSTICK/src/systick.o
 .ARM.attributes
                0x00000258       0x32 build/sr5e1/steval_ttm007a/core1/Debug/Modules/OS/OSAL/src/osal.o
 .ARM.attributes
                0x0000028a       0x1e build/sr5e1/steval_ttm007a/core1/Debug/Modules/Boot/src/GCC/crt0.o
 .ARM.attributes
                0x000002a8       0x1e build/sr5e1/steval_ttm007a/core1/Debug/Modules/Boot/src/GCC/vectors.o
 .ARM.attributes
                0x000002c6       0x1e c:/stellarstudio-7.1/sdks/tools-1.4.0/toolchain/arm/mingw64_nt/10.3-2021.10/bin/../lib/gcc/arm-none-eabi/10.3.1/thumb/v7e-m+dp/hard\libgcc.a(_arm_addsubsf3.o)
 .ARM.attributes
                0x000002e4       0x1e c:/stellarstudio-7.1/sdks/tools-1.4.0/toolchain/arm/mingw64_nt/10.3-2021.10/bin/../lib/gcc/arm-none-eabi/10.3.1/thumb/v7e-m+dp/hard\libgcc.a(_aeabi_uldivmod.o)
 .ARM.attributes
                0x00000302       0x32 c:/stellarstudio-7.1/sdks/tools-1.4.0/toolchain/arm/mingw64_nt/10.3-2021.10/bin/../lib/gcc/arm-none-eabi/10.3.1/thumb/v7e-m+dp/hard\libgcc.a(_udivmoddi4.o)
 .ARM.attributes
                0x00000334       0x1e c:/stellarstudio-7.1/sdks/tools-1.4.0/toolchain/arm/mingw64_nt/10.3-2021.10/bin/../lib/gcc/arm-none-eabi/10.3.1/thumb/v7e-m+dp/hard\libgcc.a(_dvmd_tls.o)

.debug_frame    0x00000000     0x12c8
 .debug_frame   0x00000000      0x15c build/sr5e1/steval_ttm007a/core1/Debug/Projects/SDKTests/CommonBuild/src/test_env.o
 .debug_frame   0x0000015c       0xf4 build/sr5e1/steval_ttm007a/core1/Debug/src/main.o
 .debug_frame   0x00000250       0x2c build/sr5e1/steval_ttm007a/core1/Debug/cfg/uart_cfg.o
 .debug_frame   0x0000027c       0x50 build/sr5e1/steval_ttm007a/core1/Debug/Modules/Boot/src/crt1.o
 .debug_frame   0x000002cc       0x40 build/sr5e1/steval_ttm007a/core1/Debug/Modules/Platform/Clock/src/sr5e1/clock.o
 .debug_frame   0x0000030c      0x2d0 build/sr5e1/steval_ttm007a/core1/Debug/Modules/Drivers/System/DMA/src/dma.o
 .debug_frame   0x000005dc       0x28 build/sr5e1/steval_ttm007a/core1/Debug/Modules/Drivers/System/GPIO/src/gpio.o
 .debug_frame   0x00000604       0x40 build/sr5e1/steval_ttm007a/core1/Debug/Modules/Drivers/System/GPIO/src/sr5e1/gpio_dev.o
 .debug_frame   0x00000644      0x5e8 build/sr5e1/steval_ttm007a/core1/Debug/Modules/Drivers/Comms/UART/src/uart.o
 .debug_frame   0x00000c2c      0x100 build/sr5e1/steval_ttm007a/core1/Debug/Modules/Drivers/Comms/UART/src/sr5e1/uart_dev.o
 .debug_frame   0x00000d2c      0x300 build/sr5e1/steval_ttm007a/core1/Debug/Modules/Drivers/Timers/SYSTICK/src/systick.o
 .debug_frame   0x0000102c      0x1f0 build/sr5e1/steval_ttm007a/core1/Debug/Modules/OS/OSAL/src/osal.o
 .debug_frame   0x0000121c       0x4c c:/stellarstudio-7.1/sdks/tools-1.4.0/toolchain/arm/mingw64_nt/10.3-2021.10/bin/../lib/gcc/arm-none-eabi/10.3.1/thumb/v7e-m+dp/hard\libgcc.a(_arm_addsubsf3.o)
 .debug_frame   0x00001268       0x2c c:/stellarstudio-7.1/sdks/tools-1.4.0/toolchain/arm/mingw64_nt/10.3-2021.10/bin/../lib/gcc/arm-none-eabi/10.3.1/thumb/v7e-m+dp/hard\libgcc.a(_aeabi_uldivmod.o)
 .debug_frame   0x00001294       0x34 c:/stellarstudio-7.1/sdks/tools-1.4.0/toolchain/arm/mingw64_nt/10.3-2021.10/bin/../lib/gcc/arm-none-eabi/10.3.1/thumb/v7e-m+dp/hard\libgcc.a(_udivmoddi4.o)

Cross Reference Table

Symbol                                            File
BusFault_Handler                                  build/sr5e1/steval_ttm007a/core1/Debug/Modules/Boot/src/GCC/vectors.o
Clock_Test                                        build/sr5e1/steval_ttm007a/core1/Debug/src/main.o
DRV_SYSTICK                                       build/sr5e1/steval_ttm007a/core1/Debug/Modules/Drivers/Timers/SYSTICK/src/systick.o
                                                  build/sr5e1/steval_ttm007a/core1/Debug/Modules/OS/OSAL/src/osal.o
DRV_UART1                                         build/sr5e1/steval_ttm007a/core1/Debug/Modules/Drivers/Comms/UART/src/sr5e1/uart_instances.o
                                                  build/sr5e1/steval_ttm007a/core1/Debug/Modules/Drivers/Comms/UART/src/sr5e1/uart_dev.o
DRV_UART2                                         build/sr5e1/steval_ttm007a/core1/Debug/Modules/Drivers/Comms/UART/src/sr5e1/uart_instances.o
                                                  build/sr5e1/steval_ttm007a/core1/Debug/Modules/Drivers/Comms/UART/src/sr5e1/uart_dev.o
DRV_UART3                                         build/sr5e1/steval_ttm007a/core1/Debug/Modules/Drivers/Comms/UART/src/sr5e1/uart_instances.o
                                                  build/sr5e1/steval_ttm007a/core1/Debug/Modules/Drivers/Comms/UART/src/sr5e1/uart_dev.o
                                                  build/sr5e1/steval_ttm007a/core1/Debug/src/main.o
Data                                              build/sr5e1/steval_ttm007a/core1/Debug/src/main.o
Data_Out                                          build/sr5e1/steval_ttm007a/core1/Debug/src/main.o
DebugMon_Handler                                  build/sr5e1/steval_ttm007a/core1/Debug/Modules/Boot/src/GCC/vectors.o
EnDat_Command                                     build/sr5e1/steval_ttm007a/core1/Debug/src/main.o
EnDat_Mode_Command                                build/sr5e1/steval_ttm007a/core1/Debug/src/main.o
Enc_Model                                         build/sr5e1/steval_ttm007a/core1/Debug/src/main.o
Enc_Position                                      build/sr5e1/steval_ttm007a/core1/Debug/src/main.o
Endat_startup                                     build/sr5e1/steval_ttm007a/core1/Debug/src/main.o
Error_Status                                      build/sr5e1/steval_ttm007a/core1/Debug/src/main.o
HardFault_Handler                                 build/sr5e1/steval_ttm007a/core1/Debug/Modules/Boot/src/GCC/vectors.o
MRS_E21_1                                         build/sr5e1/steval_ttm007a/core1/Debug/src/main.o
MRS_E21_2                                         build/sr5e1/steval_ttm007a/core1/Debug/src/main.o
MRS_E21_3                                         build/sr5e1/steval_ttm007a/core1/Debug/src/main.o
MRS_OP_Conditions                                 build/sr5e1/steval_ttm007a/core1/Debug/src/main.o
MRS_OP_Parameters                                 build/sr5e1/steval_ttm007a/core1/Debug/src/main.o
MT_Value                                          build/sr5e1/steval_ttm007a/core1/Debug/src/main.o
Meas_Step                                         build/sr5e1/steval_ttm007a/core1/Debug/src/main.o
Meas_Step_Bit                                     build/sr5e1/steval_ttm007a/core1/Debug/src/main.o
Meas_Step_Copy                                    build/sr5e1/steval_ttm007a/core1/Debug/src/main.o
MemManage_Handler                                 build/sr5e1/steval_ttm007a/core1/Debug/Modules/Boot/src/GCC/vectors.o
NMI_Handler                                       build/sr5e1/steval_ttm007a/core1/Debug/Modules/Boot/src/GCC/vectors.o
PendSV_Handler                                    build/sr5e1/steval_ttm007a/core1/Debug/Modules/Boot/src/GCC/vectors.o
Pos_Bit                                           build/sr5e1/steval_ttm007a/core1/Debug/src/main.o
Pos_Final                                         build/sr5e1/steval_ttm007a/core1/Debug/src/main.o
Reset_Handler                                     build/sr5e1/steval_ttm007a/core1/Debug/Modules/Boot/src/GCC/vectors.o
Revolutions                                       build/sr5e1/steval_ttm007a/core1/Debug/src/main.o
SVC_Handler                                       build/sr5e1/steval_ttm007a/core1/Debug/Modules/Boot/src/GCC/vectors.o
SysTick_Handler                                   build/sr5e1/steval_ttm007a/core1/Debug/Modules/Drivers/Timers/SYSTICK/src/systick.o
SystemCoreClock                                   build/sr5e1/steval_ttm007a/core1/Debug/Modules/Platform/Clock/src/sr5e1/clock.o
                                                  build/sr5e1/steval_ttm007a/core1/Debug/Modules/OS/OSAL/src/osal.o
                                                  build/sr5e1/steval_ttm007a/core1/Debug/Modules/Drivers/Timers/SYSTICK/src/systick.o
UsageFault_Handler                                build/sr5e1/steval_ttm007a/core1/Debug/Modules/Boot/src/GCC/vectors.o
Vector100                                         build/sr5e1/steval_ttm007a/core1/Debug/Modules/Boot/src/GCC/vectors.o
Vector104                                         build/sr5e1/steval_ttm007a/core1/Debug/Modules/Boot/src/GCC/vectors.o
Vector108                                         build/sr5e1/steval_ttm007a/core1/Debug/Modules/Boot/src/GCC/vectors.o
Vector10C                                         build/sr5e1/steval_ttm007a/core1/Debug/Modules/Boot/src/GCC/vectors.o
Vector110                                         build/sr5e1/steval_ttm007a/core1/Debug/Modules/Boot/src/GCC/vectors.o
Vector114                                         build/sr5e1/steval_ttm007a/core1/Debug/Modules/Boot/src/GCC/vectors.o
Vector118                                         build/sr5e1/steval_ttm007a/core1/Debug/Modules/Boot/src/GCC/vectors.o
Vector11C                                         build/sr5e1/steval_ttm007a/core1/Debug/Modules/Boot/src/GCC/vectors.o
Vector120                                         build/sr5e1/steval_ttm007a/core1/Debug/Modules/Drivers/System/DMA/src/dma.o
Vector124                                         build/sr5e1/steval_ttm007a/core1/Debug/Modules/Drivers/System/DMA/src/dma.o
Vector128                                         build/sr5e1/steval_ttm007a/core1/Debug/Modules/Drivers/System/DMA/src/dma.o
Vector12C                                         build/sr5e1/steval_ttm007a/core1/Debug/Modules/Drivers/System/DMA/src/dma.o
Vector130                                         build/sr5e1/steval_ttm007a/core1/Debug/Modules/Drivers/System/DMA/src/dma.o
Vector134                                         build/sr5e1/steval_ttm007a/core1/Debug/Modules/Drivers/System/DMA/src/dma.o
Vector138                                         build/sr5e1/steval_ttm007a/core1/Debug/Modules/Drivers/System/DMA/src/dma.o
Vector13C                                         build/sr5e1/steval_ttm007a/core1/Debug/Modules/Drivers/System/DMA/src/dma.o
Vector140                                         build/sr5e1/steval_ttm007a/core1/Debug/Modules/Boot/src/GCC/vectors.o
Vector144                                         build/sr5e1/steval_ttm007a/core1/Debug/Modules/Boot/src/GCC/vectors.o
Vector148                                         build/sr5e1/steval_ttm007a/core1/Debug/Modules/Boot/src/GCC/vectors.o
Vector14C                                         build/sr5e1/steval_ttm007a/core1/Debug/Modules/Boot/src/GCC/vectors.o
Vector150                                         build/sr5e1/steval_ttm007a/core1/Debug/Modules/Boot/src/GCC/vectors.o
Vector154                                         build/sr5e1/steval_ttm007a/core1/Debug/Modules/Boot/src/GCC/vectors.o
Vector158                                         build/sr5e1/steval_ttm007a/core1/Debug/Modules/Boot/src/GCC/vectors.o
Vector15C                                         build/sr5e1/steval_ttm007a/core1/Debug/Modules/Boot/src/GCC/vectors.o
Vector160                                         build/sr5e1/steval_ttm007a/core1/Debug/Modules/Boot/src/GCC/vectors.o
Vector164                                         build/sr5e1/steval_ttm007a/core1/Debug/Modules/Boot/src/GCC/vectors.o
Vector168                                         build/sr5e1/steval_ttm007a/core1/Debug/Modules/Boot/src/GCC/vectors.o
Vector16C                                         build/sr5e1/steval_ttm007a/core1/Debug/Modules/Boot/src/GCC/vectors.o
Vector170                                         build/sr5e1/steval_ttm007a/core1/Debug/Modules/Boot/src/GCC/vectors.o
Vector174                                         build/sr5e1/steval_ttm007a/core1/Debug/Modules/Boot/src/GCC/vectors.o
Vector178                                         build/sr5e1/steval_ttm007a/core1/Debug/Modules/Boot/src/GCC/vectors.o
Vector17C                                         build/sr5e1/steval_ttm007a/core1/Debug/Modules/Boot/src/GCC/vectors.o
Vector180                                         build/sr5e1/steval_ttm007a/core1/Debug/Modules/Boot/src/GCC/vectors.o
Vector184                                         build/sr5e1/steval_ttm007a/core1/Debug/Modules/Boot/src/GCC/vectors.o
Vector188                                         build/sr5e1/steval_ttm007a/core1/Debug/Modules/Boot/src/GCC/vectors.o
Vector18C                                         build/sr5e1/steval_ttm007a/core1/Debug/Modules/Boot/src/GCC/vectors.o
Vector190                                         build/sr5e1/steval_ttm007a/core1/Debug/Modules/Boot/src/GCC/vectors.o
Vector194                                         build/sr5e1/steval_ttm007a/core1/Debug/Modules/Boot/src/GCC/vectors.o
Vector198                                         build/sr5e1/steval_ttm007a/core1/Debug/Modules/Boot/src/GCC/vectors.o
Vector19C                                         build/sr5e1/steval_ttm007a/core1/Debug/Modules/Boot/src/GCC/vectors.o
Vector1A0                                         build/sr5e1/steval_ttm007a/core1/Debug/Modules/Boot/src/GCC/vectors.o
Vector1A4                                         build/sr5e1/steval_ttm007a/core1/Debug/Modules/Boot/src/GCC/vectors.o
Vector1A8                                         build/sr5e1/steval_ttm007a/core1/Debug/Modules/Boot/src/GCC/vectors.o
Vector1AC                                         build/sr5e1/steval_ttm007a/core1/Debug/Modules/Boot/src/GCC/vectors.o
Vector1B0                                         build/sr5e1/steval_ttm007a/core1/Debug/Modules/Boot/src/GCC/vectors.o
Vector1B4                                         build/sr5e1/steval_ttm007a/core1/Debug/Modules/Boot/src/GCC/vectors.o
Vector1B8                                         build/sr5e1/steval_ttm007a/core1/Debug/Modules/Boot/src/GCC/vectors.o
Vector1BC                                         build/sr5e1/steval_ttm007a/core1/Debug/Modules/Boot/src/GCC/vectors.o
Vector1C                                          build/sr5e1/steval_ttm007a/core1/Debug/Modules/Boot/src/GCC/vectors.o
Vector1C0                                         build/sr5e1/steval_ttm007a/core1/Debug/Modules/Boot/src/GCC/vectors.o
Vector1C4                                         build/sr5e1/steval_ttm007a/core1/Debug/Modules/Boot/src/GCC/vectors.o
Vector1C8                                         build/sr5e1/steval_ttm007a/core1/Debug/Modules/Boot/src/GCC/vectors.o
Vector1CC                                         build/sr5e1/steval_ttm007a/core1/Debug/Modules/Boot/src/GCC/vectors.o
Vector1D0                                         build/sr5e1/steval_ttm007a/core1/Debug/Modules/Boot/src/GCC/vectors.o
Vector1D4                                         build/sr5e1/steval_ttm007a/core1/Debug/Modules/Boot/src/GCC/vectors.o
Vector1D8                                         build/sr5e1/steval_ttm007a/core1/Debug/Modules/Boot/src/GCC/vectors.o
Vector1DC                                         build/sr5e1/steval_ttm007a/core1/Debug/Modules/Boot/src/GCC/vectors.o
Vector1E0                                         build/sr5e1/steval_ttm007a/core1/Debug/Modules/Boot/src/GCC/vectors.o
Vector1E4                                         build/sr5e1/steval_ttm007a/core1/Debug/Modules/Boot/src/GCC/vectors.o
Vector1E8                                         build/sr5e1/steval_ttm007a/core1/Debug/Modules/Boot/src/GCC/vectors.o
Vector1EC                                         build/sr5e1/steval_ttm007a/core1/Debug/Modules/Boot/src/GCC/vectors.o
Vector1F0                                         build/sr5e1/steval_ttm007a/core1/Debug/Modules/Boot/src/GCC/vectors.o
Vector1F4                                         build/sr5e1/steval_ttm007a/core1/Debug/Modules/Boot/src/GCC/vectors.o
Vector1F8                                         build/sr5e1/steval_ttm007a/core1/Debug/Modules/Boot/src/GCC/vectors.o
Vector1FC                                         build/sr5e1/steval_ttm007a/core1/Debug/Modules/Boot/src/GCC/vectors.o
Vector20                                          build/sr5e1/steval_ttm007a/core1/Debug/Modules/Boot/src/GCC/vectors.o
Vector200                                         build/sr5e1/steval_ttm007a/core1/Debug/Modules/Boot/src/GCC/vectors.o
Vector204                                         build/sr5e1/steval_ttm007a/core1/Debug/Modules/Boot/src/GCC/vectors.o
Vector208                                         build/sr5e1/steval_ttm007a/core1/Debug/Modules/Boot/src/GCC/vectors.o
Vector20C                                         build/sr5e1/steval_ttm007a/core1/Debug/Modules/Boot/src/GCC/vectors.o
Vector210                                         build/sr5e1/steval_ttm007a/core1/Debug/Modules/Boot/src/GCC/vectors.o
Vector214                                         build/sr5e1/steval_ttm007a/core1/Debug/Modules/Boot/src/GCC/vectors.o
Vector218                                         build/sr5e1/steval_ttm007a/core1/Debug/Modules/Boot/src/GCC/vectors.o
Vector21C                                         build/sr5e1/steval_ttm007a/core1/Debug/Modules/Boot/src/GCC/vectors.o
Vector220                                         build/sr5e1/steval_ttm007a/core1/Debug/Modules/Boot/src/GCC/vectors.o
Vector224                                         build/sr5e1/steval_ttm007a/core1/Debug/Modules/Boot/src/GCC/vectors.o
Vector228                                         build/sr5e1/steval_ttm007a/core1/Debug/Modules/Boot/src/GCC/vectors.o
Vector22C                                         build/sr5e1/steval_ttm007a/core1/Debug/Modules/Boot/src/GCC/vectors.o
Vector230                                         build/sr5e1/steval_ttm007a/core1/Debug/Modules/Boot/src/GCC/vectors.o
Vector234                                         build/sr5e1/steval_ttm007a/core1/Debug/Modules/Boot/src/GCC/vectors.o
Vector238                                         build/sr5e1/steval_ttm007a/core1/Debug/Modules/Boot/src/GCC/vectors.o
Vector23C                                         build/sr5e1/steval_ttm007a/core1/Debug/Modules/Boot/src/GCC/vectors.o
Vector24                                          build/sr5e1/steval_ttm007a/core1/Debug/Modules/Boot/src/GCC/vectors.o
Vector240                                         build/sr5e1/steval_ttm007a/core1/Debug/Modules/Boot/src/GCC/vectors.o
Vector244                                         build/sr5e1/steval_ttm007a/core1/Debug/Modules/Boot/src/GCC/vectors.o
Vector248                                         build/sr5e1/steval_ttm007a/core1/Debug/Modules/Boot/src/GCC/vectors.o
Vector24C                                         build/sr5e1/steval_ttm007a/core1/Debug/Modules/Boot/src/GCC/vectors.o
Vector250                                         build/sr5e1/steval_ttm007a/core1/Debug/Modules/Boot/src/GCC/vectors.o
Vector254                                         build/sr5e1/steval_ttm007a/core1/Debug/Modules/Boot/src/GCC/vectors.o
Vector258                                         build/sr5e1/steval_ttm007a/core1/Debug/Modules/Boot/src/GCC/vectors.o
Vector25C                                         build/sr5e1/steval_ttm007a/core1/Debug/Modules/Boot/src/GCC/vectors.o
Vector260                                         build/sr5e1/steval_ttm007a/core1/Debug/Modules/Boot/src/GCC/vectors.o
Vector264                                         build/sr5e1/steval_ttm007a/core1/Debug/Modules/Boot/src/GCC/vectors.o
Vector268                                         build/sr5e1/steval_ttm007a/core1/Debug/Modules/Boot/src/GCC/vectors.o
Vector26C                                         build/sr5e1/steval_ttm007a/core1/Debug/Modules/Boot/src/GCC/vectors.o
Vector270                                         build/sr5e1/steval_ttm007a/core1/Debug/Modules/Boot/src/GCC/vectors.o
Vector274                                         build/sr5e1/steval_ttm007a/core1/Debug/Modules/Boot/src/GCC/vectors.o
Vector278                                         build/sr5e1/steval_ttm007a/core1/Debug/Modules/Boot/src/GCC/vectors.o
Vector27C                                         build/sr5e1/steval_ttm007a/core1/Debug/Modules/Boot/src/GCC/vectors.o
Vector28                                          build/sr5e1/steval_ttm007a/core1/Debug/Modules/Boot/src/GCC/vectors.o
Vector280                                         build/sr5e1/steval_ttm007a/core1/Debug/Modules/Boot/src/GCC/vectors.o
Vector284                                         build/sr5e1/steval_ttm007a/core1/Debug/Modules/Boot/src/GCC/vectors.o
Vector288                                         build/sr5e1/steval_ttm007a/core1/Debug/Modules/Boot/src/GCC/vectors.o
Vector28C                                         build/sr5e1/steval_ttm007a/core1/Debug/Modules/Boot/src/GCC/vectors.o
Vector290                                         build/sr5e1/steval_ttm007a/core1/Debug/Modules/Boot/src/GCC/vectors.o
Vector294                                         build/sr5e1/steval_ttm007a/core1/Debug/Modules/Boot/src/GCC/vectors.o
Vector298                                         build/sr5e1/steval_ttm007a/core1/Debug/Modules/Boot/src/GCC/vectors.o
Vector29C                                         build/sr5e1/steval_ttm007a/core1/Debug/Modules/Boot/src/GCC/vectors.o
Vector2A0                                         build/sr5e1/steval_ttm007a/core1/Debug/Modules/Boot/src/GCC/vectors.o
Vector2A4                                         build/sr5e1/steval_ttm007a/core1/Debug/Modules/Boot/src/GCC/vectors.o
Vector2A8                                         build/sr5e1/steval_ttm007a/core1/Debug/Modules/Boot/src/GCC/vectors.o
Vector2AC                                         build/sr5e1/steval_ttm007a/core1/Debug/Modules/Boot/src/GCC/vectors.o
Vector2B0                                         build/sr5e1/steval_ttm007a/core1/Debug/Modules/Boot/src/GCC/vectors.o
Vector2B4                                         build/sr5e1/steval_ttm007a/core1/Debug/Modules/Boot/src/GCC/vectors.o
Vector2B8                                         build/sr5e1/steval_ttm007a/core1/Debug/Modules/Boot/src/GCC/vectors.o
Vector2BC                                         build/sr5e1/steval_ttm007a/core1/Debug/Modules/Boot/src/GCC/vectors.o
Vector2C0                                         build/sr5e1/steval_ttm007a/core1/Debug/Modules/Boot/src/GCC/vectors.o
Vector2C4                                         build/sr5e1/steval_ttm007a/core1/Debug/Modules/Boot/src/GCC/vectors.o
Vector2C8                                         build/sr5e1/steval_ttm007a/core1/Debug/Modules/Boot/src/GCC/vectors.o
Vector2CC                                         build/sr5e1/steval_ttm007a/core1/Debug/Modules/Boot/src/GCC/vectors.o
Vector2D0                                         build/sr5e1/steval_ttm007a/core1/Debug/Modules/Boot/src/GCC/vectors.o
Vector2D4                                         build/sr5e1/steval_ttm007a/core1/Debug/Modules/Boot/src/GCC/vectors.o
Vector2D8                                         build/sr5e1/steval_ttm007a/core1/Debug/Modules/Boot/src/GCC/vectors.o
Vector2DC                                         build/sr5e1/steval_ttm007a/core1/Debug/Modules/Boot/src/GCC/vectors.o
Vector2E0                                         build/sr5e1/steval_ttm007a/core1/Debug/Modules/Boot/src/GCC/vectors.o
Vector2E4                                         build/sr5e1/steval_ttm007a/core1/Debug/Modules/Boot/src/GCC/vectors.o
Vector2E8                                         build/sr5e1/steval_ttm007a/core1/Debug/Modules/Boot/src/GCC/vectors.o
Vector2EC                                         build/sr5e1/steval_ttm007a/core1/Debug/Modules/Boot/src/GCC/vectors.o
Vector2F0                                         build/sr5e1/steval_ttm007a/core1/Debug/Modules/Boot/src/GCC/vectors.o
Vector2F4                                         build/sr5e1/steval_ttm007a/core1/Debug/Modules/Boot/src/GCC/vectors.o